
C:\Users\HP\Downloads\adbgongjuxiang>adb shell pidof io.emqx.mqtt
22169

C:\Users\HP\Downloads\adbgongjuxiang>adb logcat --pid=22169
--------- beginning of main
04-23 14:26:40.158 22169 22169 E Zygote  : process_name_ptr:22169 io.emqx.mqtt
04-23 14:26:40.166 22169 22169 I libc    : SetHeapTaggingLevel: tag level set to 0
04-23 14:26:40.172 22169 22169 I io.emqx.mqtt: Late-enabling -Xcheck:jni
04-23 14:26:40.195 22169 22169 I io.emqx.mqtt: Using CollectorTypeCC GC.
04-23 14:26:40.209 22169 22169 I MessageMonitor: Load libmiui_runtime
04-23 14:26:40.239 22169 22199 D AppScoutStateMachine: 22169-ScoutStateMachinecreated
04-23 14:26:40.248 22169 22169 D MiuiMonitorThread: Shared singleton Thread for stability monitor start
04-23 14:26:40.249 22169 22169 D CompatibilityChangeReporter: Compat change id reported: 171979766; UID 10398; state: DISABLED
04-23 14:26:40.250 22169 22169 D CompatibilityChangeReporter: Compat change id reported: 242716250; UID 10398; state: DISABLED
04-23 14:26:40.270 22169 22169 D ApplicationLoaders: Returning zygote-cached class loader: /system/framework/android.test.base.jar
04-23 14:26:40.272 22169 22169 W ziparchive: Unable to open '/data/app/~~6BBwa8IJYtz9l1SHE9me-w==/io.emqx.mqtt-sJthLgEsncVrbnHNVDJSMQ==/base.dm': No such file or directory
04-23 14:26:40.272 22169 22169 W ziparchive: Unable to open '/data/app/~~6BBwa8IJYtz9l1SHE9me-w==/io.emqx.mqtt-sJthLgEsncVrbnHNVDJSMQ==/base.dm': No such file or directory
04-23 14:26:40.402 22169 22169 D nativeloader: Configuring clns-4 for other apk /data/app/~~6BBwa8IJYtz9l1SHE9me-w==/io.emqx.mqtt-sJthLgEsncVrbnHNVDJSMQ==/base.apk. target_sdk_version=29, uses_libraries=, library_path=/data/app/~~6BBwa8IJYtz9l1SHE9me-w==/io.emqx.mqtt-sJthLgEsncVrbnHNVDJSMQ==/lib/arm64, permitted_path=/data:/mnt/expand:/data/user/0/io.emqx.mqtt
04-23 14:26:40.402 22169 22169 D nativeloader: Extending system_exposed_libraries: libbinauralrenderer_wrapper.qti.so:libhoaeffects.qti.so:libQOC.qti.so:libmisys_jni.xiaomi.so:libxiaomi_modemdumpsdx55_jni.modem.so:libxiaomi_modemdump_jni.modem.so:libupdateprof.qti.so:libthermalclient.qti.so:libQOC.qti.so:libdiag_system.qti.so:libqape.qti.so:libqesdk_ndk_platform.qti.so:liblistenjni.qti.so
04-23 14:26:40.409 22169 22169 I Perf    : Connecting to perf service.
04-23 14:26:40.414 22169 22169 V GraphicsEnvironment: Currently set values for:
04-23 14:26:40.415 22169 22169 V GraphicsEnvironment:   angle_gl_driver_selection_pkgs=[]
04-23 14:26:40.415 22169 22169 V GraphicsEnvironment:   angle_gl_driver_selection_values=[]
04-23 14:26:40.415 22169 22169 V GraphicsEnvironment: ANGLE GameManagerService for io.emqx.mqtt: false
04-23 14:26:40.415 22169 22169 V GraphicsEnvironment: io.emqx.mqtt is not listed in per-application setting
04-23 14:26:40.415 22169 22169 V GraphicsEnvironment: App is not on the allowlist for updatable production driver.
04-23 14:26:40.418 22169 22169 I ForceDarkHelperStubImpl: initialize for io.emqx.mqtt , ForceDarkOrigin
04-23 14:26:40.419 22169 22169 D OpenGLRenderer: JNI_OnLoad success
04-23 14:26:40.419 22169 22169 I MiuiForceDarkConfig: setConfig density:2.750000, mainRule:0, secondaryRule:0, tertiaryRule:0
04-23 14:26:40.444 22169 22226 W libc    : Access denied finding property "vendor.migl.debug"
04-23 14:26:40.445 22169 22226 I libMiGL : EnableDR: 0
04-23 14:26:40.445 22169 22226 D libMiGL : mDFIInterval: -1
04-23 14:26:40.468 22169 22169 D AppCompatDelegate: Checking for metadata for AppLocalesMetadataHolderService : Service not found
04-23 14:26:40.491 22169 22169 W libc    : Access denied finding property "ro.vendor.df.effect.conflict"
04-23 14:26:40.501 22169 22169 D DecorView[]: getWindowModeFromSystem  windowmode is 1
04-23 14:26:40.502 22169 22227 D nativeloader: Configuring clns-5 for other apk /system_ext/app/miuisystem/miuisystem.apk. target_sdk_version=33, uses_libraries=ALL, library_path=/product/app/MiuiContentCatcherMIUI15/lib/arm64:/product/app/MiuiContentCatcherMIUI15/MiuiContentCatcherMIUI15.apk!/lib/arm64-v8a:/system_ext/priv-app/RtMiCloudSDK/RtMiCloudSDK.apk!/lib/arm64-v8a:/system_ext/app/miuisystem/miuisystem.apk!/lib/arm64-v8a, permitted_path=/data:/mnt/expand
04-23 14:26:40.502 22169 22227 D nativeloader: Extending system_exposed_libraries: libbinauralrenderer_wrapper.qti.so:libhoaeffects.qti.so:libQOC.qti.so:libmisys_jni.xiaomi.so:libxiaomi_modemdumpsdx55_jni.modem.so:libxiaomi_modemdump_jni.modem.so:libupdateprof.qti.so:libthermalclient.qti.so:libQOC.qti.so:libdiag_system.qti.so:libqape.qti.so:libqesdk_ndk_platform.qti.so:liblistenjni.qti.so
04-23 14:26:40.506 22169 22227 D nativeloader: Configuring clns-6 for other apk /system_ext/priv-app/RtMiCloudSDK/RtMiCloudSDK.apk. target_sdk_version=33, uses_libraries=ALL, library_path=/product/app/MiuiContentCatcherMIUI15/lib/arm64:/product/app/MiuiContentCatcherMIUI15/MiuiContentCatcherMIUI15.apk!/lib/arm64-v8a:/system_ext/priv-app/RtMiCloudSDK/RtMiCloudSDK.apk!/lib/arm64-v8a:/system_ext/app/miuisystem/miuisystem.apk!/lib/arm64-v8a, permitted_path=/data:/mnt/expand
04-23 14:26:40.506 22169 22227 D nativeloader: Extending system_exposed_libraries: libbinauralrenderer_wrapper.qti.so:libhoaeffects.qti.so:libQOC.qti.so:libmisys_jni.xiaomi.so:libxiaomi_modemdumpsdx55_jni.modem.so:libxiaomi_modemdump_jni.modem.so:libupdateprof.qti.so:libthermalclient.qti.so:libQOC.qti.so:libdiag_system.qti.so:libqape.qti.so:libqesdk_ndk_platform.qti.so:liblistenjni.qti.so
04-23 14:26:40.511 22169 22227 D nativeloader: Configuring clns-7 for other apk /system/framework/org.apache.http.legacy.jar. target_sdk_version=33, uses_libraries=ALL, library_path=/product/app/MiuiContentCatcherMIUI15/lib/arm64:/product/app/MiuiContentCatcherMIUI15/MiuiContentCatcherMIUI15.apk!/lib/arm64-v8a:/system_ext/priv-app/RtMiCloudSDK/RtMiCloudSDK.apk!/lib/arm64-v8a:/system_ext/app/miuisystem/miuisystem.apk!/lib/arm64-v8a, permitted_path=/data:/mnt/expand
04-23 14:26:40.511 22169 22227 D nativeloader: Extending system_exposed_libraries: libbinauralrenderer_wrapper.qti.so:libhoaeffects.qti.so:libQOC.qti.so:libmisys_jni.xiaomi.so:libxiaomi_modemdumpsdx55_jni.modem.so:libxiaomi_modemdump_jni.modem.so:libupdateprof.qti.so:libthermalclient.qti.so:libQOC.qti.so:libdiag_system.qti.so:libqape.qti.so:libqesdk_ndk_platform.qti.so:liblistenjni.qti.so
04-23 14:26:40.515 22169 22227 D nativeloader: InitLlndkLibrariesProduct: libEGL.so:libGLESv1_CM.so:libGLESv2.so:libGLESv3.so:libRS.so:libandroid_net.so:libbinder_ndk.so:libc.so:libcgrouprc.so:libclang_rt.asan-aarch64-android.so:libclang_rt.asan-arm-android.so:libclang_rt.hwasan-aarch64-android.so:libcom.android.tethering.connectivity_native.so:libdl.so:libft2.so:liblog.so:libm.so:libmediandk.so:libnativewindow.so:libneuralnetworks.so:libselinux.so:libsync.so:libvndksupport.so:libvulkan.so
04-23 14:26:40.515 22169 22227 D nativeloader: Configuring product-clns-8 for unbundled product apk /product/app/MiuiContentCatcherMIUI15/MiuiContentCatcherMIUI15.apk. target_sdk_version=33, uses_libraries=, library_path=/product/app/MiuiContentCatcherMIUI15/lib/arm64:/product/app/MiuiContentCatcherMIUI15/MiuiContentCatcherMIUI15.apk!/lib/arm64-v8a:/system_ext/priv-app/RtMiCloudSDK/RtMiCloudSDK.apk!/lib/arm64-v8a:/system_ext/app/miuisystem/miuisystem.apk!/lib/arm64-v8a:/product/lib64:/system/product/lib64, permitted_path=/data:/mnt/expand:/product/lib64:/system/product/lib64
04-23 14:26:40.516 22169 22227 D nativeloader: InitVndkspLibrariesProduct: android.hardware.common-V2-ndk.so:android.hardware.common-V2-ndk_platform.so:android.hardware.common.fmq-V1-ndk.so:android.hardware.common.fmq-V1-ndk_platform.so:android.hardware.graphics.allocator-V2-ndk.so:android.hardware.graphics.allocator-V2-ndk_platform.so:android.hardware.graphics.common-V4-ndk.so:android.hardware.graphics.common-V4-ndk_platform.so:android.hardware.graphics.common@1.0.so:android.hardware.graphics.common@1.1.so:android.hardware.graphics.common@1.2.so:android.hardware.graphics.composer3-V1-ndk.so:android.hardware.graphics.composer3-V1-ndk_platform.so:android.hardware.graphics.mapper@2.0.so:android.hardware.graphics.mapper@2.1.so:android.hardware.graphics.mapper@3.0.so:android.hardware.graphics.mapper@4.0.so:android.hardware.renderscript@1.0.so:android.hidl.memory.token@1.0.so:android.hidl.memory@1.0-impl.so:android.hidl.memory@1.0.so:android.hidl.safe_union@1.0.so:libRSCpuRef.so:libRSDriver.so:libRS_internal.so:libbase.so:libbcinfo.so:libblas.so:libc++.so:lib
04-23 14:26:40.518 22169 22227 D ContentCatcher_injector: Interceptor : Init Interceptor for Activity io.emqx.mqtt.MainActivity@5116f25
04-23 14:26:40.518 22169 22169 W io.emqx.mqtt: Accessing hidden method Landroid/view/View;->computeFitSystemWindows(Landroid/graphics/Rect;Landroid/graphics/Rect;)Z (unsupported, reflection, allowed)
04-23 14:26:40.519 22169 22169 W io.emqx.mqtt: Accessing hidden method Landroid/view/ViewGroup;->makeOptionalFitsSystemWindows()V (unsupported, reflection, allowed)
04-23 14:26:40.520 22169 22227 D ViewContentFactory: initViewContentFetcherClass
04-23 14:26:40.520 22169 22227 D ViewContentFactory: getInterceptorPackageInfo
04-23 14:26:40.520 22169 22227 D ViewContentFactory: getInitialApplication took 0ms
04-23 14:26:40.520 22169 22227 D ViewContentFactory: packageInfo.packageName: com.miui.contentcatcher
04-23 14:26:40.521 22169 22227 D ViewContentFactory: initViewContentFetcherClass took 1ms
04-23 14:26:40.521 22169 22227 I ContentCatcher: ViewContentFetcher : ViewContentFetcher
04-23 14:26:40.521 22169 22227 D ViewContentFactory: createInterceptor took 2ms
04-23 14:26:40.521 22169 22227 D ContentCatcher_injector: Interceptor : notifyActivityCreate: io.emqx.mqtt@io.emqx.mqtt.MainActivity@85028645
--------- beginning of system
04-23 14:26:40.523 22169 22227 E ContentCatcherManager: failed to get ContentCatcherService.
04-23 14:26:40.523 22169 22227 E ContentCatcherManager: failed to get ContentCatcherService.
04-23 14:26:40.523 22169 22227 D ContentCatcher_injector: Interceptor : NOT interest in this page: io.emqx.mqtt@io.emqx.mqtt.MainActivity@85028645
04-23 14:26:40.523 22169 22227 D ContentCatcher_catcher: CatcherHolder : mCatcherList size: 0
04-23 14:26:40.524 22169 22169 D CompatibilityChangeReporter: Compat change id reported: 171228096; UID 10398; state: ENABLED
04-23 14:26:40.538 22169 22169 D MainActivity: [CloudTTS] 已初始化: 微软Edge-TTS (晓晓-甜美女声)
04-23 14:26:40.550 22169 22169 D CompatibilityChangeReporter: Compat change id reported: 210923482; UID 10398; state: DISABLED
04-23 14:26:40.551 22169 22169 D CompatibilityChangeReporter: Compat change id reported: 37756858; UID 10398; state: ENABLED
04-23 14:26:40.570 22169 22169 D MainActivity: A11y startup check: needsFix=false, currentlyEnabled=false
04-23 14:26:40.571 22169 22169 D MainActivity: No overlay permission, requesting...
04-23 14:26:40.571 22169 22169 D MainActivity: No saved config, no auto-connect
04-23 14:26:40.578 22169 22227 D ContentCatcher_injector: Interceptor : notifyActivityStart: io.emqx.mqtt@io.emqx.mqtt.MainActivity@85028645
04-23 14:26:40.578 22169 22227 D ContentCatcher_catcher: CatcherHolder : mCatcherList size: 0
04-23 14:26:40.581 22169 22227 D ContentCatcher_injector: Interceptor : notifyActivityResume: io.emqx.mqtt@io.emqx.mqtt.MainActivity@85028645
04-23 14:26:40.581 22169 22227 D ContentCatcher_catcher: CatcherHolder : mCatcherList size: 0
04-23 14:26:40.587 22169 22169 D MainActivity: MQTT connection monitor started (interval: 15000ms)
04-23 14:26:40.587 22169 22169 D MainActivity: App resumed, MQTT connection monitor started
04-23 14:26:40.594 22169 22169 D CompatibilityChangeReporter: Compat change id reported: 237531167; UID 10398; state: DISABLED
04-23 14:26:40.596 22169 22169 D FramePredict: FramePredict init: false
04-23 14:26:40.597 22169 22169 D FramePredict: init success
04-23 14:26:40.598 22169 22236 E FramePredict: registerContentObserver fail
04-23 14:26:40.613 22169 22169 W Looper  : PerfMonitor looperActivity : package=io.emqx.mqtt/.MainActivity time=0ms latency=380ms running=0ms  procState=-1  historyMsgCount=4 (msgIndex=3 wall=189ms seq=3 running=168ms runnable=15ms late=19ms h=android.app.ActivityThread$H w=110) (msgIndex=4 wall=174ms seq=4 running=147ms runnable=12ms late=205ms h=android.app.ActivityThread$H w=159)
04-23 14:26:40.635 22169 22169 D ScrollerOptimizationManager: registerConfigChangedListener
04-23 14:26:40.684 22169 22169 D ScrollerOptimizationManager: registerConfigChangedListener
04-23 14:26:40.704 22169 22169 D ScrollerOptimizationManager: registerConfigChangedListener
04-23 14:26:40.721 22169 22169 D ScrollerOptimizationManager: registerConfigChangedListener
04-23 14:26:40.952 22169 22169 D SettingFragment: === MQTT Setting ===
04-23 14:26:40.953 22169 22169 D SettingFragment: Fragment initialized
04-23 14:26:40.958 22169 22169 D SettingFragment: Loaded saved configuration
04-23 14:26:40.958 22169 22169 D MainActivity: isTTSEnabled changed to: true
04-23 14:26:40.958 22169 22169 D MainActivity: isFloatWindowEnabled changed to: true
04-23 14:26:40.963 22169 22169 D SettingFragment: [CloudTTS] 设置已加载: 微软Edge-TTS (晓晓-甜美女声)
04-23 14:26:40.997 22169 22169 D ScrollerOptimizationManager: registerConfigChangedListener
04-23 14:26:41.013 22169 22169 D ScrollerOptimizationManager: registerConfigChangedListener
04-23 14:26:41.061 22169 22169 I TextInputLayout: EditText added is not a TextInputEditText. Please switch to using that class instead.
04-23 14:26:41.078 22169 22169 I TextInputLayout: EditText added is not a TextInputEditText. Please switch to using that class instead.
04-23 14:26:41.079 22169 22169 D ScrollerOptimizationManager: registerConfigChangedListener
04-23 14:26:41.082 22169 22169 D ScrollerOptimizationManager: registerConfigChangedListener
04-23 14:26:41.086 22169 22169 D ScrollerOptimizationManager: registerConfigChangedListener
04-23 14:26:41.316 22169 22169 W libc    : Access denied finding property "vendor.display.enable_optimal_refresh_rate"
04-23 14:26:41.313 22169 22169 W io.emqx.mqtt: type=1400 audit(0.0:7090): avc:  denied  { read } for  name="u:object_r:vendor_display_prop:s0" dev="tmpfs" ino=16577 scontext=u:r:untrusted_app_29:s0:c142,c257,c512,c768 tcontext=u:object_r:vendor_display_prop:s0 tclass=file permissive=0 app=io.emqx.mqtt
04-23 14:26:41.317 22169 22224 I AdrenoGLES-0: QUALCOMM build                   : db3d445dbc, Ia06b22fa1a
04-23 14:26:41.317 22169 22224 I AdrenoGLES-0: Build Date                       : 10/04/21
04-23 14:26:41.317 22169 22224 I AdrenoGLES-0: OpenGL ES Shader Compiler Version: EV031.32.02.16
04-23 14:26:41.317 22169 22224 I AdrenoGLES-0: Local Branch                     :
04-23 14:26:41.317 22169 22224 I AdrenoGLES-0: Remote Branch                    :
04-23 14:26:41.317 22169 22224 I AdrenoGLES-0: Remote Branch                    :
04-23 14:26:41.317 22169 22224 I AdrenoGLES-0: Reconstruct Branch               :
04-23 14:26:41.317 22169 22224 I AdrenoGLES-0: Build Config                     : S P 10.0.7 AArch64
04-23 14:26:41.317 22169 22224 I AdrenoGLES-0: Driver Path                      : /vendor/lib64/egl/libGLESv2_adreno.so
04-23 14:26:41.320 22169 22224 I AdrenoGLES-0: PFP: 0x016dd093, ME: 0x00000000
04-23 14:26:41.329 22169 22224 I io.emqx.mqtt: Support FEAS product munch_cn:
04-23 14:26:41.330 22169 22224 E OpenGLRenderer: Unable to match the desired swap behavior.
04-23 14:26:41.451 22169 22169 D VRI[MainActivity]: vri.reportNextDraw android.view.ViewRootImpl.performTraversals:4360 android.view.ViewRootImpl.doTraversal:2989 android.view.ViewRootImpl$TraversalRunnable.run:10304 android.view.Choreographer$CallbackRecord.run:1594 android.view.Choreographer$CallbackRecord.run:1603
04-23 14:26:41.456 22169 22169 D VRI[MainActivity]: vri.Setup new sync=wmsSync-VRI[MainActivity]#0
04-23 14:26:41.495 22169 22224 D OpenGLRenderer: makeCurrent grContext:0x74ccccc300 reset mTextureAvailable
04-23 14:26:41.496 22169 22224 D io.emqx.mqtt: MiuiProcessManagerServiceStub setSchedFifo
04-23 14:26:41.496 22169 22224 I MiuiProcessManagerImpl: setSchedFifo pid:22169, mode:3
04-23 14:26:41.510 22169 22224 E LB      : fail to open node: No such file or directory
04-23 14:26:41.511 22169 22169 D VRI[MainActivity]: vri.reportDrawFinished
04-23 14:26:41.512 22169 22169 W Looper  : PerfMonitor doFrame : time=897ms vsyncFrame=15198 latency=6ms procState=-1 historyMsgCount=4 (msgIndex=1 wall=174ms seq=4 running=147ms runnable=12ms late=205ms h=android.app.ActivityThread$H w=159)
04-23 14:26:41.515 22169 22169 D MainActivity: Sidebar width: 108 px (portrait)
04-23 14:26:41.516 22169 22169 I Choreographer: Skipped 96 frames!  The application may be doing too much work on its main thread.
04-23 14:26:41.517 22169 22199 I OpenGLRenderer: Davey! duration=902ms; Flags=1, FrameTimelineVsyncId=156391, IntendedVsync=1938629222094, Vsync=1938629222094, InputEventId=0, HandleInputStart=1938636230353, AnimationStart=1938636237072, PerformTraversalsStart=1938636240718, DrawStart=1939478236238, FrameDeadline=1938640888761, FrameInterval=1938635751447, FrameStartTime=8262354, SyncQueued=1939516151082, SyncStart=1939516331603, IssueDrawCommandsStart=1939517806290, SwapBuffers=1939530547540, FrameCompleted=1939531422124, DequeueBufferDuration=8750, QueueBufferDuration=302448, GpuCompleted=1939531160353, SwapBuffersCompleted=1939531422124, DisplayPresentTime=0, CommandSubmissionCompleted=1939530547540,
04-23 14:26:41.591 22169 22169 W Looper  : PerfMonitor doFrame : time=74ms vsyncFrame=15211 latency=801ms procState=-1 historyMsgCount=51 (msgIndex=1 wall=897ms seq=8 running=856ms runnable=9ms late=6ms h=android.view.Choreographer$FrameHandler c=android.view.Choreographer$FrameDisplayEventReceiver)
04-23 14:26:41.598 22169 22169 D CompatibilityChangeReporter: Compat change id reported: 160794467; UID 10398; state: DISABLED
04-23 14:26:41.602 22169 22169 W EpFrameworkFactory: activated: false jar exist: false
04-23 14:26:41.608 22169 22199 I OpenGLRenderer: Davey! duration=886ms; Flags=0, FrameTimelineVsyncId=156733, IntendedVsync=1938736625263, Vsync=1939529771983, InputEventId=0, HandleInputStart=1939538211551, AnimationStart=1939538215509, PerformTraversalsStart=1939540532176, DrawStart=1939593462697, FrameDeadline=1939549747701, FrameInterval=1939537179676, FrameStartTime=8261945, SyncQueued=1939610753686, SyncStart=1939610792540, IssueDrawCommandsStart=1939611276290, SwapBuffers=1939622168582, FrameCompleted=1939622884624, DequeueBufferDuration=10625, QueueBufferDuration=186510, GpuCompleted=1939622884624, SwapBuffersCompleted=1939622637957, DisplayPresentTime=0, CommandSubmissionCompleted=1939622168582,
04-23 14:26:41.617 22169 22169 D SettingFragment: [CloudTTS] 接口切换: 微软Edge-TTS (晓晓-甜美女声)
04-23 14:26:41.669 22169 22169 I HandWritingStubImpl: refreshLastKeyboardType: 1
04-23 14:26:41.669 22169 22169 I HandWritingStubImpl: getCurrentKeyboardType: 1
04-23 14:26:41.684 22169 22227 D ContentCatcher_injector: Interceptor : notifyActivityPause: io.emqx.mqtt@io.emqx.mqtt.MainActivity@85028645
04-23 14:26:41.684 22169 22227 D ContentCatcher_catcher: CatcherHolder : mCatcherList size: 0
04-23 14:26:41.727 22169 22169 I HandWritingStubImpl: getCurrentKeyboardType: 1
04-23 14:26:42.743 22169 22227 D ContentCatcher_injector: Interceptor : notifyActivityStop: io.emqx.mqtt@io.emqx.mqtt.MainActivity@85028645
04-23 14:26:42.743 22169 22227 D ContentCatcher_catcher: CatcherHolder : mCatcherList size: 0
04-23 14:26:42.750 22169 22169 D MainActivity: MQTT connection monitor stopped
04-23 14:26:42.750 22169 22169 D MainActivity: App stopped, MQTT connection monitor stopped
04-23 14:26:46.112 22169 22227 D ContentCatcher_injector: Interceptor : notifyActivityStart: io.emqx.mqtt@io.emqx.mqtt.MainActivity@85028645
04-23 14:26:46.112 22169 22227 D ContentCatcher_catcher: CatcherHolder : mCatcherList size: 0
04-23 14:26:46.119 22169 22199 D AppScoutStateMachine: 22169-ScoutStateMachinecreated
04-23 14:26:46.124 22169 22227 D ContentCatcher_injector: Interceptor : notifyActivityResume: io.emqx.mqtt@io.emqx.mqtt.MainActivity@85028645
04-23 14:26:46.124 22169 22227 D ContentCatcher_catcher: CatcherHolder : mCatcherList size: 0
04-23 14:26:46.136 22169 22169 D MainActivity: MQTT connection monitor started (interval: 15000ms)
04-23 14:26:46.136 22169 22169 D MainActivity: App resumed, MQTT connection monitor started
04-23 14:26:46.162 22169 22169 W libc    : Access denied finding property "vendor.display.enable_optimal_refresh_rate"
04-23 14:26:46.163 22169 22224 E OpenGLRenderer: Unable to match the desired swap behavior.
04-23 14:26:46.163 22169 22169 D VRI[MainActivity]: vri.reportNextDraw android.view.ViewRootImpl.performTraversals:4360 android.view.ViewRootImpl.doTraversal:2989 android.view.ViewRootImpl$TraversalRunnable.run:10304 android.view.Choreographer$CallbackRecord.run:1594 android.view.Choreographer$CallbackRecord.run:1603
04-23 14:26:46.164 22169 22169 D VRI[MainActivity]: vri.Setup new sync=wmsSync-VRI[MainActivity]#2
04-23 14:26:46.185 22169 22169 D VRI[MainActivity]: vri.reportDrawFinished
04-23 14:26:46.218 22169 22169 I HandWritingStubImpl: refreshLastKeyboardType: 1
04-23 14:26:46.218 22169 22169 I HandWritingStubImpl: getCurrentKeyboardType: 1
04-23 14:26:47.663 22169 22169 D MiuiMultiWindowUtils: freeform resolution args raw data:{  "wide_default":{    "freeform_args": {        "vertical_portrait":{"aspect_ratio":0.626, "original_ratio":0.5643,"original_scale":0.74,"top_margin":0.168,"left_margin":0.484},        "horizontal_portrait":{"aspect_ratio":0.626, "original_ratio":0.5643,"original_scale":0.74,"top_margin":0.1222,"left_margin":0.59745},        "vertical_landscape":{"aspect_ratio":1.6, "original_ratio":1,"original_scale":0.604,"top_margin":0.2596,"left_margin":0.2624},        "horizontal_landscape":{"aspect_ratio":1.6, "original_ratio":1,"original_scale":0.604,"top_margin":0.213,"left_margin":0.3758}    },    "mini_freeform_args":{        "vertical_portrait":{"original_ratio":0.147},        "horizontal_portrait":{"original_ratio":0.147},        "vertical_landscape":{"original_ratio":0.165},        "horizontal_landscape":{"original_ratio":0.165}    }  },  "narrow_default": {    "freeform_args": {        "vertical_portrait":{"aspect_ratio":0.626, "original_ratio":1,"original_scale":0.74,"top_margin":0.0753,"left_margin":-1},        "horizontal_portrait":{"aspect_ratio":0.626, "original_ratio":1,"original_scale":0.5756,"top_margin":-1,"left_margin":0.0753},        "vertical_landscape":{"aspect_ratio":1.6, "original_ratio":0.6847,"original_scale":0.587,"top_margin":0.0753,"left_margin":-1},        "horizontal_landscape":{"aspect_ratio":1.6, "original_ratio":0.6847,"original_scale":0.587,"top_margin":-1,"left_margin":0.0753}    },    "mini_freeform_args":{        "vertical_portrait":{"original_ratio":0.26},        "horizontal_portrait":{"original_ratio":0.26},        "vertical_landscape":{"original_ratio":0.293},        "horizontal_landscape":{"original_ratio":0.293}    }  },  "regular_default": {    "freeform_args": {      "vertical_portrait":{"aspect_ratio":0.625, "original_ratio":1,"original_scale":0.7,"top_margin":0.109,"left_margin":-1},      "horizontal_portrait":{"aspect_ratio":0.6667, "original_ratio":1,"original_scale":0.6102,"top_margin":-1,"left_margin":0.026},      "vertical_landscape":{"aspect_ratio":1.6, "original_ratio":1,"original_scale":0.4244,"top_margin":0.109,"left_margin":-1},      "horizontal_landscape":{"aspect_ratio":1.6, "original_ratio":1,"original_scale":0.4244,"top_margin":-1,"left_margin":0.026}    },    "mini_freeform_args":{      "vertical_portrait":{"original_ratio":0.25},      "horizontal_portrait":{"original_ratio":0.25},      "vertical_landscape":{"original_ratio":0.25},      "horizontal_landscape":{"original_ratio":0.25}    }  },  "pad_default": {    "freeform_args": {      "vertical_portrait":{"aspect_ratio":0.5625, "original_ratio":0.375,"original_scale":0.835,"top_margin":0.049,"left_margin":0.2775},      "horizontal_portrait":{"aspect_ratio":0.5625, "original_ratio":0.375,"original_scale":0.835,"top_margin":-1,"left_margin":0.6525},      "vertical_landscape":{"aspect_ratio":-1, "original_ratio":1,"original_scale":0.468,"top_margin":0.049,"left_margin":-1},      "horizontal_landscape":{"aspect_ratio":-1, "original_ratio":1,"original_scale":0.468,"top_margin":-1,"left_margin":0.4976}    },    "mini_freeform_args":{      "vertical_portrait":{"original_ratio":0.144},      "horizontal_portrait":{"original_ratio":0.144},      "vertical_landscape":{"original_ratio":0.2},      "horizontal_landscape":{"original_ratio":0.2}    }  }}
04-23 14:26:47.670 22169 22169 D MiuiMultiWindowUtils: initFreeFormResolutionArgs failed, device is munch
04-23 14:26:47.671 22169 22169 D IS_CTS_MODE: false
04-23 14:26:47.671 22169 22169 D MULTI_WINDOW_SWITCH_ENABLED: false
04-23 14:26:48.427 22169 22218 I io.emqx.mqtt: ProcessProfilingInfo new_methods=2443 is saved saved_to_disk=1 resolve_classes_delay=8000
04-23 14:26:48.692 22169 22169 D SettingFragment: Protocol changed to: WSS
04-23 14:26:48.742 22169 22169 D CompatibilityChangeReporter: Compat change id reported: 163400105; UID 10398; state: DISABLED
04-23 14:26:48.756 22169 22169 I AssistStructure: Flattened final assist data: 16104 bytes, containing 1 windows, 118 views
04-23 14:26:49.267 22169 22169 D SettingFragment: Protocol changed to: SSL
04-23 14:26:50.187 22169 22169 D Editor  : Double tap detection is fail
04-23 14:26:50.278 22169 22169 I HandWritingStubImpl: refreshLastKeyboardType: 1
04-23 14:26:50.298 22169 22169 I HandWritingStubImpl: getCurrentKeyboardType: 1
04-23 14:26:50.305 22169 22169 I ImeTracker: io.emqx.mqtt:5c25f613: onRequestShow at ORIGIN_CLIENT_SHOW_SOFT_INPUT reason SHOW_SOFT_INPUT
04-23 14:26:50.305 22169 22169 D InputMethodManager: showSoftInput() view=androidx.appcompat.widget.AppCompatEditText{568dd7f VFED..CL. .F.P..ID 220,0-906,99 #7f08010b app:id/host aid=1073741830} flags=0 reason=SHOW_SOFT_INPUT
04-23 14:26:50.311 22169 22184 I io.emqx.mqtt: This is non sticky GC, maxfree is 33554432 minfree is 8388608
04-23 14:26:50.313 22169 22169 V TextViewImpl: sendCursorInfo support:true
04-23 14:26:50.321 22169 22186 W io.emqx.mqtt: ApkAssets: Deleting an ApkAssets object '<empty> and /product/app/MiuiContentCatcherMIUI15/MiuiContentCatcherMIUI15.apk' with 1 weak references
04-23 14:26:50.321 22169 22186 W io.emqx.mqtt: ApkAssets: Deleting an ApkAssets object '<empty> and /system_ext/priv-app/RtMiCloudSDK/RtMiCloudSDK.apk' with 1 weak references
04-23 14:26:50.321 22169 22186 W io.emqx.mqtt: ApkAssets: Deleting an ApkAssets object '<empty> and /system_ext/app/miuisystem/miuisystem.apk' with 1 weak references
04-23 14:26:50.344 22169 22169 I AssistStructure: Flattened final assist data: 16296 bytes, containing 1 windows, 120 views
04-23 14:26:50.541 22169 22169 D InsetsController: show(ime(), fromIme=true)
04-23 14:26:50.803 22169 22455 I Choreographer: Skipped 30 frames!  The application may be doing too much work on its main thread.
04-23 14:26:51.015 22169 22169 I ImeTracker: io.emqx.mqtt:5c25f613: onShown
04-23 14:27:01.137 22169 22169 D MainActivity: MQTT client or connection is null, skip check
04-23 14:27:07.051 22169 22169 D Editor  : Double tap detection is fail
04-23 14:27:07.150 22169 22169 I HandWritingStubImpl: refreshLastKeyboardType: 1
04-23 14:27:07.174 22169 22169 I HandWritingStubImpl: getCurrentKeyboardType: 1
04-23 14:27:07.180 22169 22169 I ImeTracker: io.emqx.mqtt:f7375b9c: onRequestShow at ORIGIN_CLIENT_SHOW_SOFT_INPUT reason SHOW_SOFT_INPUT
04-23 14:27:07.181 22169 22169 D InputMethodManager: showSoftInput() view=androidx.appcompat.widget.AppCompatEditText{97b5595 VFED..CL. .F.P..ID 220,0-906,99 #7f080193 app:id/port aid=1073741831} flags=0 reason=SHOW_SOFT_INPUT
04-23 14:27:07.204 22169 22169 D EditorStubImpl: Type = 0, RectF = RectF(415.0, 488.0, 525.0, 598.0), mInsertionHandleData = [HandleData{mIsShow=false, mPosition=RectF(0.0, 0.0, 0.0, 0.0)}]
04-23 14:27:07.204 22169 22169 W EditorStubImpl: Two list size not equals,try recover it
04-23 14:27:07.204 22169 22169 D EditorStubImpl: isMultiHandle = false, status = 1, sendData = [RectF(415.0, 488.0, 525.0, 598.0)]
04-23 14:27:07.207 22169 22169 V TextViewImpl: sendCursorInfo support:true
04-23 14:27:07.232 22169 22169 I AssistStructure: Flattened final assist data: 16404 bytes, containing 2 windows, 121 views
04-23 14:27:07.235 22169 22169 W WindowOnBackDispatcher: sendCancelIfRunning: isInProgress=falsecallback=ImeCallback=ImeOnBackInvokedCallback@221004306 Callback=android.window.IOnBackInvokedCallback$Stub$Proxy@e60bd0a
04-23 14:27:07.259 22169 22169 W libc    : Access denied finding property "vendor.display.enable_optimal_refresh_rate"
04-23 14:27:07.253 22169 22169 W io.emqx.mqtt: type=1400 audit(0.0:7696): avc:  denied  { read } for  name="u:object_r:vendor_display_prop:s0" dev="tmpfs" ino=16577 scontext=u:r:untrusted_app_29:s0:c142,c257,c512,c768 tcontext=u:object_r:vendor_display_prop:s0 tclass=file permissive=0 app=io.emqx.mqtt
04-23 14:27:07.263 22169 22224 E OpenGLRenderer: Unable to match the desired swap behavior.
04-23 14:27:07.265 22169 22169 D VRI[PopupWindow:3e9]: vri.reportNextDraw android.view.ViewRootImpl.performTraversals:4360 android.view.ViewRootImpl.doTraversal:2989 android.view.ViewRootImpl$TraversalRunnable.run:10304 android.view.Choreographer$CallbackRecord.run:1594 android.view.Choreographer$CallbackRecord.run:1603
04-23 14:27:07.266 22169 22169 D VRI[PopupWindow:3e9]: vri.Setup new sync=wmsSync-VRI[PopupWindow:3e9]#4
04-23 14:27:07.269 22169 22224 D OpenGLRenderer: makeCurrent grContext:0x74ccccc300 reset mTextureAvailable
04-23 14:27:07.273 22169 22169 D VRI[PopupWindow:3e9]: vri.reportDrawFinished
04-23 14:27:07.303 22169 22169 D VRI[PopupWindow:3e9]: vri.reportNextDraw android.view.ViewRootImpl.handleResized:2297 android.view.ViewRootImpl.-$$Nest$mhandleResized:0 android.view.ViewRootImpl$ViewRootHandler.handleMessageImpl:6693 android.view.ViewRootImpl$ViewRootHandler.handleMessage:6662 android.os.Handler.dispatchMessage:106
04-23 14:27:07.305 22169 22169 D VRI[PopupWindow:3e9]: vri.Setup new sync=wmsSync-VRI[PopupWindow:3e9]#6
04-23 14:27:07.312 22169 22169 D VRI[PopupWindow:3e9]: vri.reportDrawFinished
04-23 14:27:07.349 22169 22169 D InsetsController: show(ime(), fromIme=true)
04-23 14:27:07.350 22169 22169 I ImeTracker: io.emqx.mqtt:7ccfc091: onCancelled at PHASE_CLIENT_APPLY_ANIMATION
04-23 14:27:07.352 22169 22169 D InsetsController: show(ime(), fromIme=true)
04-23 14:27:07.352 22169 22169 I ImeTracker: io.emqx.mqtt:f7375b9c: onCancelled at PHASE_CLIENT_APPLY_ANIMATION
04-23 14:27:07.957 22169 22169 W WindowOnBackDispatcher: sendCancelIfRunning: isInProgress=falsecallback=android.view.ViewRootImpl$$ExternalSyntheticLambda21@885b97b
04-23 14:27:07.978 22169 22169 D EditorStubImpl: Type = 2, RectF = RectF(415.0, 488.0, 525.0, 598.0), mInsertionHandleData = [HandleData{mIsShow=true, mPosition=RectF(415.0, 488.0, 525.0, 598.0)}]
04-23 14:27:07.979 22169 22169 D EditorStubImpl: isMultiHandle = false, status = 3, sendData = [RectF(415.0, 488.0, 525.0, 598.0)]
04-23 14:27:08.546 22169 22169 D Editor  : Double tap detection is fail
04-23 14:27:08.639 22169 22169 I ImeTracker: io.emqx.mqtt:8b01ef13: onRequestShow at ORIGIN_CLIENT_SHOW_SOFT_INPUT reason SHOW_SOFT_INPUT
04-23 14:27:08.641 22169 22169 D InputMethodManager: showSoftInput() view=androidx.appcompat.widget.AppCompatEditText{97b5595 VFED..CL. .F.P.... 220,0-906,99 #7f080193 app:id/port aid=1073741831} flags=0 reason=SHOW_SOFT_INPUT
04-23 14:27:08.651 22169 22169 D EditorStubImpl: Type = 2, RectF = RectF(415.0, 488.0, 525.0, 598.0), mInsertionHandleData = [HandleData{mIsShow=false, mPosition=RectF(415.0, 488.0, 525.0, 598.0)}]
04-23 14:27:08.661 22169 22169 D InsetsController: show(ime(), fromIme=true)
04-23 14:27:08.661 22169 22169 I ImeTracker: io.emqx.mqtt:8b01ef13: onCancelled at PHASE_CLIENT_APPLY_ANIMATION
04-23 14:27:08.681 22169 22169 D EditorStubImpl: Type = 0, RectF = RectF(332.0, 488.0, 442.0, 598.0), mInsertionHandleData = [HandleData{mIsShow=false, mPosition=RectF(415.0, 488.0, 525.0, 598.0)}]
04-23 14:27:08.682 22169 22169 D EditorStubImpl: isMultiHandle = false, status = 1, sendData = [RectF(332.0, 488.0, 442.0, 598.0)]
04-23 14:27:08.722 22169 22169 I AssistStructure: Flattened final assist data: 16396 bytes, containing 2 windows, 121 views
04-23 14:27:08.753 22169 22169 W libc    : Access denied finding property "vendor.display.enable_optimal_refresh_rate"
04-23 14:27:08.749 22169 22169 W io.emqx.mqtt: type=1400 audit(0.0:7697): avc:  denied  { read } for  name="u:object_r:vendor_display_prop:s0" dev="tmpfs" ino=16577 scontext=u:r:untrusted_app_29:s0:c142,c257,c512,c768 tcontext=u:object_r:vendor_display_prop:s0 tclass=file permissive=0 app=io.emqx.mqtt
04-23 14:27:08.757 22169 22224 E OpenGLRenderer: Unable to match the desired swap behavior.
04-23 14:27:08.759 22169 22169 D VRI[PopupWindow:3e9]: vri.reportNextDraw android.view.ViewRootImpl.performTraversals:4360 android.view.ViewRootImpl.doTraversal:2989 android.view.ViewRootImpl$TraversalRunnable.run:10304 android.view.Choreographer$CallbackRecord.run:1594 android.view.Choreographer$CallbackRecord.run:1603
04-23 14:27:08.760 22169 22169 D VRI[PopupWindow:3e9]: vri.Setup new sync=wmsSync-VRI[PopupWindow:3e9]#8
04-23 14:27:08.762 22169 22224 D OpenGLRenderer: makeCurrent grContext:0x74ccccc300 reset mTextureAvailable
04-23 14:27:08.767 22169 22169 D VRI[PopupWindow:3e9]: vri.reportDrawFinished
04-23 14:27:08.798 22169 22169 D VRI[PopupWindow:3e9]: vri.reportNextDraw android.view.ViewRootImpl.handleResized:2297 android.view.ViewRootImpl.-$$Nest$mhandleResized:0 android.view.ViewRootImpl$ViewRootHandler.handleMessageImpl:6693 android.view.ViewRootImpl$ViewRootHandler.handleMessage:6662 android.os.Handler.dispatchMessage:106
04-23 14:27:08.799 22169 22169 D VRI[PopupWindow:3e9]: vri.Setup new sync=wmsSync-VRI[PopupWindow:3e9]#10
04-23 14:27:08.804 22169 22169 D VRI[PopupWindow:3e9]: vri.reportDrawFinished
04-23 14:27:09.639 22169 22169 W WindowOnBackDispatcher: sendCancelIfRunning: isInProgress=falsecallback=android.view.ViewRootImpl$$ExternalSyntheticLambda21@707c655
04-23 14:27:09.654 22169 22169 D EditorStubImpl: Type = 2, RectF = RectF(332.0, 488.0, 442.0, 598.0), mInsertionHandleData = [HandleData{mIsShow=true, mPosition=RectF(332.0, 488.0, 442.0, 598.0)}]
04-23 14:27:09.654 22169 22169 D EditorStubImpl: isMultiHandle = false, status = 3, sendData = [RectF(332.0, 488.0, 442.0, 598.0)]
04-23 14:27:10.080 22169 22169 D Editor  : Double tap detection is fail
04-23 14:27:10.165 22169 22169 D EditorStubImpl: Type = 2, RectF = RectF(332.0, 488.0, 442.0, 598.0), mInsertionHandleData = [HandleData{mIsShow=false, mPosition=RectF(332.0, 488.0, 442.0, 598.0)}]
04-23 14:27:10.175 22169 22169 I HandWritingStubImpl: refreshLastKeyboardType: 1
04-23 14:27:10.193 22169 22169 I HandWritingStubImpl: getCurrentKeyboardType: 1
04-23 14:27:10.198 22169 22169 I ImeTracker: io.emqx.mqtt:fcf54d57: onRequestShow at ORIGIN_CLIENT_SHOW_SOFT_INPUT reason SHOW_SOFT_INPUT
04-23 14:27:10.199 22169 22169 D InputMethodManager: showSoftInput() view=androidx.appcompat.widget.AppCompatEditText{e88b611 VFED..CL. .F.P..ID 220,0-906,99 #7f080236 app:id/username aid=1073741834} flags=0 reason=SHOW_SOFT_INPUT
04-23 14:27:10.203 22169 22169 V TextViewImpl: sendCursorInfo support:true
04-23 14:27:10.228 22169 22169 I AssistStructure: Flattened final assist data: 16320 bytes, containing 1 windows, 120 views
04-23 14:27:10.229 22169 22169 W WindowOnBackDispatcher: sendCancelIfRunning: isInProgress=falsecallback=ImeCallback=ImeOnBackInvokedCallback@221004306 Callback=android.window.IOnBackInvokedCallback$Stub$Proxy@39194c3
04-23 14:27:10.266 22169 22169 D InsetsController: show(ime(), fromIme=true)
04-23 14:27:10.266 22169 22169 I ImeTracker: io.emqx.mqtt:b5a5d77c: onCancelled at PHASE_CLIENT_APPLY_ANIMATION
04-23 14:27:10.272 22169 22169 D InsetsController: show(ime(), fromIme=true)
04-23 14:27:10.273 22169 22169 I ImeTracker: io.emqx.mqtt:fcf54d57: onCancelled at PHASE_CLIENT_APPLY_ANIMATION
04-23 14:27:14.919 22169 22169 D Editor  : Double tap detection is fail
04-23 14:27:15.016 22169 22169 I HandWritingStubImpl: refreshLastKeyboardType: 1
04-23 14:27:15.033 22169 22169 I HandWritingStubImpl: getCurrentKeyboardType: 1
04-23 14:27:15.039 22169 22169 I ImeTracker: io.emqx.mqtt:659f6f89: onRequestShow at ORIGIN_CLIENT_SHOW_SOFT_INPUT reason SHOW_SOFT_INPUT
04-23 14:27:15.039 22169 22169 D InputMethodManager: showSoftInput() view=androidx.appcompat.widget.AppCompatEditText{36fd77 VFED..CL. .F.P..ID 220,0-906,99 #7f08018b app:id/password aid=1073741835} flags=0 reason=SHOW_SOFT_INPUT
04-23 14:27:15.044 22169 22169 V TextViewImpl: sendCursorInfo support:true
04-23 14:27:15.070 22169 22169 I AssistStructure: Flattened final assist data: 16328 bytes, containing 1 windows, 120 views
04-23 14:27:15.071 22169 22169 W WindowOnBackDispatcher: sendCancelIfRunning: isInProgress=falsecallback=ImeCallback=ImeOnBackInvokedCallback@221004306 Callback=android.window.IOnBackInvokedCallback$Stub$Proxy@3a4872b
04-23 14:27:15.107 22169 22169 D InsetsController: show(ime(), fromIme=true)
04-23 14:27:15.108 22169 22169 I ImeTracker: io.emqx.mqtt:da27ed71: onCancelled at PHASE_CLIENT_APPLY_ANIMATION
04-23 14:27:15.108 22169 22169 D InsetsController: show(ime(), fromIme=true)
04-23 14:27:15.108 22169 22169 I ImeTracker: io.emqx.mqtt:659f6f89: onCancelled at PHASE_CLIENT_APPLY_ANIMATION
04-23 14:27:16.138 22169 22169 D MainActivity: MQTT client or connection is null, skip check
04-23 14:27:18.292 22169 22169 D SettingFragment: === Starting Connection ===
04-23 14:27:18.297 22169 22169 D SettingFragment: Protocol: SSL
04-23 14:27:18.300 22169 22169 D SettingFragment: Host: urright.ckiud
04-23 14:27:18.302 22169 22169 D SettingFragment: Port: 3888
04-23 14:27:18.304 22169 22169 D SettingFragment: Path: /mqtt
04-23 14:27:18.307 22169 22169 D SettingFragment: ClientId: paho1938970282332
04-23 14:27:18.309 22169 22169 D SettingFragment: Username: weipc
04-23 14:27:18.311 22169 22169 D SettingFragment: TTS: true, Float: true
04-23 14:27:18.314 22169 22169 D SettingFragment: Calling connect()...
04-23 14:27:18.547 22169 22169 D SettingFragment: Calling connect()...
04-23 14:27:18.547 22169 22169 D MainActivity: Calling connect()...
04-23 14:27:18.550 22169 22169 D HA_Integration: Configured Last Will: topic=byd2ha/byd2ha_bridge/status, message=offline
04-23 14:27:18.659 22169 22169 I Choreographer: Skipped 46 frames!  The application may be doing too much work on its main thread.
04-23 14:27:18.672 22169 22169 W Looper  : PerfMonitor doFrame : time=13ms vsyncFrame=16566 latency=387ms procState=-1 historyMsgCount=2 (msgIndex=2 wall=375ms seq=1478 running=369ms runnable=3ms late=18ms h=android.view.ViewRootImpl$ViewRootHandler c=android.view.View$PerformClick)
04-23 14:27:20.177 22169 22566 D TrafficStats: tagSocket(143) with statsTag=0xffffffff, statsUid=-1
04-23 14:27:20.203 22169 22169 D SettingFragment: === CONNECT FAILED ===
04-23 14:27:20.203 22169 22169 D MainActivity: === CONNECT FAILED ===
04-23 14:27:20.220 22169 22566 W System.err: MqttException (0) - java.net.UnknownHostException: urright.ckiud
04-23 14:27:20.220 22169 22566 W System.err:    at org.eclipse.paho.client.mqttv3.internal.ExceptionHelper.createMqttException(ExceptionHelper.java:38)
04-23 14:27:20.220 22169 22566 W System.err:    at org.eclipse.paho.client.mqttv3.internal.ClientComms$ConnectBG.run(ClientComms.java:738)
04-23 14:27:20.221 22169 22566 W System.err:    at java.lang.Thread.run(Thread.java:1012)
04-23 14:27:20.221 22169 22566 W System.err: Caused by: java.net.UnknownHostException: urright.ckiud
04-23 14:27:20.221 22169 22566 W System.err:    at java.net.AbstractPlainSocketImpl.connect(AbstractPlainSocketImpl.java:208)
04-23 14:27:20.221 22169 22566 W System.err:    at java.net.SocksSocketImpl.connect(SocksSocketImpl.java:436)
04-23 14:27:20.221 22169 22566 W System.err:    at java.net.Socket.connect(Socket.java:646)
04-23 14:27:20.221 22169 22566 W System.err:    at com.android.org.conscrypt.AbstractConscryptSocket.connect(AbstractConscryptSocket.java:156)
04-23 14:27:20.221 22169 22566 W System.err:    at org.eclipse.paho.client.mqttv3.internal.TCPNetworkModule.start(TCPNetworkModule.java:74)
04-23 14:27:20.221 22169 22566 W System.err:    at org.eclipse.paho.client.mqttv3.internal.SSLNetworkModule.start(SSLNetworkModule.java:132)
04-23 14:27:20.221 22169 22566 W System.err:    at org.eclipse.paho.client.mqttv3.internal.ClientComms$ConnectBG.run(ClientComms.java:724)
04-23 14:27:20.221 22169 22566 W System.err:    ... 1 more
04-23 14:27:20.248 22169 22169 D SettingFragment: Error: MqttException
04-23 14:27:20.248 22169 22169 D MainActivity: Error: MqttException
04-23 14:27:20.267 22169 22169 D CompatibilityChangeReporter: Compat change id reported: 147798919; UID 10398; state: DISABLED
04-23 14:27:20.298 22169 22169 D CloudTTS: Downloading [fallback=0]: https://tts.mzzsfy.eu.org/api/tts?text=MQTT%E6%9C%AA%E8%BF%9E%E6%8E%A5&lang=zh-CN&voice=zh-CN-Xiaoxi
04-23 14:27:20.304 22169 22574 I DpmTcmClient: RegisterTcmMonitor from: $Proxy3
04-23 14:27:20.346 22169 22574 D TrafficStats: tagSocket(102) with statsTag=0xffffffff, statsUid=-1
04-23 14:27:20.352 22169 22169 W libc    : Access denied finding property "vendor.display.enable_optimal_refresh_rate"
04-23 14:27:20.349 22169 22169 W io.emqx.mqtt: type=1400 audit(0.0:7698): avc:  denied  { read } for  name="u:object_r:vendor_display_prop:s0" dev="tmpfs" ino=16577 scontext=u:r:untrusted_app_29:s0:c142,c257,c512,c768 tcontext=u:object_r:vendor_display_prop:s0 tclass=file permissive=0 app=io.emqx.mqtt
04-23 14:27:20.356 22169 22224 E OpenGLRenderer: Unable to match the desired swap behavior.
04-23 14:27:20.358 22169 22169 D VRI[Toast]: vri.reportNextDraw android.view.ViewRootImpl.performTraversals:4360 android.view.ViewRootImpl.doTraversal:2989 android.view.ViewRootImpl$TraversalRunnable.run:10304 android.view.Choreographer$CallbackRecord.run:1594 android.view.Choreographer$CallbackRecord.run:1603
04-23 14:27:20.358 22169 22169 D VRI[Toast]: vri.Setup new sync=wmsSync-VRI[Toast]#12
04-23 14:27:20.361 22169 22224 D OpenGLRenderer: makeCurrent grContext:0x74ccccc300 reset mTextureAvailable
04-23 14:27:20.368 22169 22169 D VRI[Toast]: vri.reportDrawFinished
04-23 14:27:22.288 22169 22169 W WindowOnBackDispatcher: sendCancelIfRunning: isInProgress=falsecallback=android.view.ViewRootImpl$$ExternalSyntheticLambda21@604e9d7
04-23 14:27:22.322 22169 22574 D CloudTTS: Response: 200 type=audio/mp3 size=-1
04-23 14:27:22.340 22169 22574 D CloudTTS: Downloaded: /data/user/0/io.emqx.mqtt/cache/cloudtts_cache/tts_1776925642323.mp3 (13680B)
04-23 14:27:22.367 22169 22169 W libc    : Access denied finding property "vendor.display.enable_optimal_refresh_rate"
04-23 14:27:22.365 22169 22169 W io.emqx.mqtt: type=1400 audit(0.0:7699): avc:  denied  { read } for  name="u:object_r:vendor_display_prop:s0" dev="tmpfs" ino=16577 scontext=u:r:untrusted_app_29:s0:c142,c257,c512,c768 tcontext=u:object_r:vendor_display_prop:s0 tclass=file permissive=0 app=io.emqx.mqtt
04-23 14:27:22.373 22169 22224 E OpenGLRenderer: Unable to match the desired swap behavior.
04-23 14:27:22.377 22169 22169 D VRI[Toast]: vri.reportNextDraw android.view.ViewRootImpl.performTraversals:4360 android.view.ViewRootImpl.doTraversal:2989 android.view.ViewRootImpl$TraversalRunnable.run:10304 android.view.Choreographer$CallbackRecord.run:1594 android.view.Choreographer$CallbackRecord.run:1603
04-23 14:27:22.377 22169 22169 D VRI[Toast]: vri.Setup new sync=wmsSync-VRI[Toast]#14
04-23 14:27:22.380 22169 22224 D OpenGLRenderer: makeCurrent grContext:0x74ccccc300 reset mTextureAvailable
04-23 14:27:22.386 22169 22169 D VRI[Toast]: vri.reportDrawFinished
04-23 14:27:22.422 22169 22169 W MediaPlayer: Use of stream types is deprecated for operations other than volume control
04-23 14:27:22.422 22169 22169 W MediaPlayer: See the documentation of setAudioStreamType() for what to use instead with android.media.AudioAttributes to qualify your playback use case
04-23 14:27:22.454 22169 22169 D CloudTTS: Playback started: tts_1776925642323.mp3 (13680B)
04-23 14:27:22.574 22169 22169 W AidlConversionCppNdk: aidl2legacy_AudioChannelLayout_audio_channel_mask_t: no legacy output audio_channel_mask_t found for AudioChannelLayout{layoutMask: 16}
04-23 14:27:23.416 22169 22169 D Editor  : Double tap detection is fail
04-23 14:27:23.476 22169 22169 I HandWritingStubImpl: refreshLastKeyboardType: 1
04-23 14:27:23.497 22169 22169 I HandWritingStubImpl: getCurrentKeyboardType: 1
04-23 14:27:23.502 22169 22169 I ImeTracker: io.emqx.mqtt:c02f0e5e: onRequestShow at ORIGIN_CLIENT_SHOW_SOFT_INPUT reason SHOW_SOFT_INPUT
04-23 14:27:23.503 22169 22169 D InputMethodManager: showSoftInput() view=androidx.appcompat.widget.AppCompatEditText{568dd7f VFED..CL. .F.P..ID 220,0-906,99 #7f08010b app:id/host aid=1073741830} flags=0 reason=SHOW_SOFT_INPUT
04-23 14:27:23.530 22169 22169 D EditorStubImpl: Type = 0, RectF = RectF(540.0, 389.0, 650.0, 499.0), mInsertionHandleData = [HandleData{mIsShow=false, mPosition=RectF(0.0, 0.0, 0.0, 0.0)}]
04-23 14:27:23.530 22169 22169 W EditorStubImpl: Two list size not equals,try recover it
04-23 14:27:23.530 22169 22169 D EditorStubImpl: isMultiHandle = false, status = 1, sendData = [RectF(540.0, 389.0, 650.0, 499.0)]
04-23 14:27:23.562 22169 22169 I AssistStructure: Flattened final assist data: 16420 bytes, containing 2 windows, 121 views
04-23 14:27:23.563 22169 22169 W WindowOnBackDispatcher: sendCancelIfRunning: isInProgress=falsecallback=ImeCallback=ImeOnBackInvokedCallback@221004306 Callback=android.window.IOnBackInvokedCallback$Stub$Proxy@1c6f5f2
04-23 14:27:23.590 22169 22169 W libc    : Access denied finding property "vendor.display.enable_optimal_refresh_rate"
04-23 14:27:23.585 22169 22169 W io.emqx.mqtt: type=1400 audit(0.0:7702): avc:  denied  { read } for  name="u:object_r:vendor_display_prop:s0" dev="tmpfs" ino=16577 scontext=u:r:untrusted_app_29:s0:c142,c257,c512,c768 tcontext=u:object_r:vendor_display_prop:s0 tclass=file permissive=0 app=io.emqx.mqtt
04-23 14:27:23.594 22169 22224 E OpenGLRenderer: Unable to match the desired swap behavior.
04-23 14:27:23.597 22169 22169 D VRI[PopupWindow:3e9]: vri.reportNextDraw android.view.ViewRootImpl.performTraversals:4360 android.view.ViewRootImpl.doTraversal:2989 android.view.ViewRootImpl$TraversalRunnable.run:10304 android.view.Choreographer$CallbackRecord.run:1594 android.view.Choreographer$CallbackRecord.run:1603
04-23 14:27:23.597 22169 22169 D VRI[PopupWindow:3e9]: vri.Setup new sync=wmsSync-VRI[PopupWindow:3e9]#16
04-23 14:27:23.601 22169 22224 D OpenGLRenderer: makeCurrent grContext:0x74ccccc300 reset mTextureAvailable
04-23 14:27:23.604 22169 22169 D VRI[PopupWindow:3e9]: vri.reportDrawFinished
04-23 14:27:23.631 22169 22169 D VRI[PopupWindow:3e9]: vri.reportNextDraw android.view.ViewRootImpl.handleResized:2297 android.view.ViewRootImpl.-$$Nest$mhandleResized:0 android.view.ViewRootImpl$ViewRootHandler.handleMessageImpl:6693 android.view.ViewRootImpl$ViewRootHandler.handleMessage:6662 android.os.Handler.dispatchMessage:106
04-23 14:27:23.633 22169 22169 D VRI[PopupWindow:3e9]: vri.Setup new sync=wmsSync-VRI[PopupWindow:3e9]#18
04-23 14:27:23.641 22169 22169 D VRI[PopupWindow:3e9]: vri.reportDrawFinished
04-23 14:27:23.647 22169 22169 D InsetsController: show(ime(), fromIme=true)
04-23 14:27:23.647 22169 22169 I ImeTracker: io.emqx.mqtt:77788f84: onCancelled at PHASE_CLIENT_APPLY_ANIMATION
04-23 14:27:23.647 22169 22169 D InsetsController: show(ime(), fromIme=true)
04-23 14:27:23.647 22169 22169 I ImeTracker: io.emqx.mqtt:c02f0e5e: onCancelled at PHASE_CLIENT_APPLY_ANIMATION
04-23 14:27:24.293 22169 22169 W WindowOnBackDispatcher: sendCancelIfRunning: isInProgress=falsecallback=android.view.ViewRootImpl$$ExternalSyntheticLambda21@dbbf842
04-23 14:27:24.656 22169 22169 W WindowOnBackDispatcher: sendCancelIfRunning: isInProgress=falsecallback=android.view.ViewRootImpl$$ExternalSyntheticLambda21@bd2a443
04-23 14:27:24.672 22169 22169 D EditorStubImpl: Type = 2, RectF = RectF(540.0, 389.0, 650.0, 499.0), mInsertionHandleData = [HandleData{mIsShow=true, mPosition=RectF(540.0, 389.0, 650.0, 499.0)}]
04-23 14:27:24.673 22169 22169 D EditorStubImpl: isMultiHandle = false, status = 3, sendData = [RectF(540.0, 389.0, 650.0, 499.0)]
04-23 14:27:24.831 22169 22169 D EditorStubImpl: Type = 2, RectF = RectF(540.0, 389.0, 650.0, 499.0), mInsertionHandleData = [HandleData{mIsShow=false, mPosition=RectF(540.0, 389.0, 650.0, 499.0)}]
04-23 14:27:24.980 22169 22169 D EditorStubImpl: Type = 2, RectF = RectF(540.0, 389.0, 650.0, 499.0), mInsertionHandleData = [HandleData{mIsShow=false, mPosition=RectF(540.0, 389.0, 650.0, 499.0)}]
04-23 14:27:25.053 22169 22169 V MediaPlayer: resetDrmState:  mDrmInfo=null mDrmProvisioningThread=null mPrepareDrmInProgress=false mActiveDrmScheme=false
04-23 14:27:25.054 22169 22169 V MediaPlayer: cleanDrmObj: mDrmObj=null mDrmSessionId=null
04-23 14:27:25.162 22169 22169 D EditorStubImpl: Type = 2, RectF = RectF(540.0, 389.0, 650.0, 499.0), mInsertionHandleData = [HandleData{mIsShow=false, mPosition=RectF(540.0, 389.0, 650.0, 499.0)}]
04-23 14:27:25.866 22169 22169 D EditorStubImpl: Type = 2, RectF = RectF(540.0, 389.0, 650.0, 499.0), mInsertionHandleData = [HandleData{mIsShow=false, mPosition=RectF(540.0, 389.0, 650.0, 499.0)}]
04-23 14:27:26.447 22169 22169 D EditorStubImpl: Type = 2, RectF = RectF(540.0, 389.0, 650.0, 499.0), mInsertionHandleData = [HandleData{mIsShow=false, mPosition=RectF(540.0, 389.0, 650.0, 499.0)}]
04-23 14:27:26.701 22169 22169 D EditorStubImpl: Type = 2, RectF = RectF(540.0, 389.0, 650.0, 499.0), mInsertionHandleData = [HandleData{mIsShow=false, mPosition=RectF(540.0, 389.0, 650.0, 499.0)}]
