04-23 14:27:26.907 22169 22169 D EditorStubImpl: Type = 2, RectF = RectF(540.0, 389.0, 650.0, 499.0), mInsertionHandleData = [HandleData{mIsShow=false, mPosition=RectF(540.0, 389.0, 650.0, 499.0)}]
04-23 14:27:27.115 22169 22169 D EditorStubImpl: Type = 2, RectF = RectF(540.0, 389.0, 650.0, 499.0), mInsertionHandleData = [HandleData{mIsShow=false, mPosition=RectF(540.0, 389.0, 650.0, 499.0)}]
04-23 14:27:27.528 22169 22169 D EditorStubImpl: Type = 2, RectF = RectF(540.0, 389.0, 650.0, 499.0), mInsertionHandleData = [HandleData{mIsShow=false, mPosition=RectF(540.0, 389.0, 650.0, 499.0)}]
04-23 14:27:28.364 22169 22169 D SettingFragment: === Starting Connection ===
04-23 14:27:28.369 22169 22169 D SettingFragment: Protocol: SSL
04-23 14:27:28.371 22169 22169 D SettingFragment: Host: urright.cloud
04-23 14:27:28.373 22169 22169 D SettingFragment: Port: 3888
04-23 14:27:28.376 22169 22169 D SettingFragment: Path: /mqtt
04-23 14:27:28.378 22169 22169 D SettingFragment: ClientId: paho1938970282332
04-23 14:27:28.380 22169 22169 D SettingFragment: Username: weipc
04-23 14:27:28.382 22169 22169 D SettingFragment: TTS: true, Float: true
04-23 14:27:28.385 22169 22169 D SettingFragment: Calling connect()...
04-23 14:27:28.391 22169 22169 D SettingFragment: Calling connect()...
04-23 14:27:28.391 22169 22169 D MainActivity: Calling connect()...
04-23 14:27:28.393 22169 22169 D HA_Integration: Configured Last Will: topic=byd2ha/byd2ha_bridge/status, message=offline
04-23 14:27:28.500 22169 22623 D TrafficStats: tagSocket(149) with statsTag=0xffffffff, statsUid=-1
04-23 14:27:28.607 22169 22623 W System.err: MqttException (0) - javax.net.ssl.SSLHandshakeException: java.security.cert.CertPathValidatorException: Trust anchor for certification path not found.
04-23 14:27:28.607 22169 22623 W System.err:    at org.eclipse.paho.client.mqttv3.internal.ExceptionHelper.createMqttException(ExceptionHelper.java:38)
04-23 14:27:28.607 22169 22623 W System.err:    at org.eclipse.paho.client.mqttv3.internal.ClientComms$ConnectBG.run(ClientComms.java:738)
04-23 14:27:28.607 22169 22623 W System.err:    at java.lang.Thread.run(Thread.java:1012)
04-23 14:27:28.608 22169 22623 W System.err: Caused by: javax.net.ssl.SSLHandshakeException: java.security.cert.CertPathValidatorException: Trust anchor for certification path not found.
04-23 14:27:28.608 22169 22623 W System.err:    at com.android.org.conscrypt.SSLUtils.toSSLHandshakeException(SSLUtils.java:356)
04-23 14:27:28.608 22169 22623 W System.err:    at com.android.org.conscrypt.ConscryptEngine.convertException(ConscryptEngine.java:1134)
04-23 14:27:28.608 22169 22623 W System.err:    at com.android.org.conscrypt.ConscryptEngine.readPlaintextData(ConscryptEngine.java:1089)
04-23 14:27:28.608 22169 22623 W System.err:    at com.android.org.conscrypt.ConscryptEngine.unwrap(ConscryptEngine.java:876)
04-23 14:27:28.608 22169 22623 W System.err:    at com.android.org.conscrypt.ConscryptEngine.unwrap(ConscryptEngine.java:747)
04-23 14:27:28.608 22169 22623 W System.err:    at com.android.org.conscrypt.ConscryptEngine.unwrap(ConscryptEngine.java:712)
04-23 14:27:28.608 22169 22623 W System.err:    at com.android.org.conscrypt.ConscryptEngineSocket$SSLInputStream.processDataFromSocket(ConscryptEngineSocket.java:896)
04-23 14:27:28.608 22169 22623 W System.err:    at com.android.org.conscrypt.ConscryptEngineSocket$SSLInputStream.-$$Nest$mprocessDataFromSocket(Unknown Source:0)
04-23 14:27:28.608 22169 22623 W System.err:    at com.android.org.conscrypt.ConscryptEngineSocket.doHandshake(ConscryptEngineSocket.java:236)
04-23 14:27:28.609 22169 22623 W System.err:    at com.android.org.conscrypt.ConscryptEngineSocket.startHandshake(ConscryptEngineSocket.java:218)
04-23 14:27:28.609 22169 22623 W System.err:    at org.eclipse.paho.client.mqttv3.internal.SSLNetworkModule.start(SSLNetworkModule.java:159)
04-23 14:27:28.609 22169 22623 W System.err:    at org.eclipse.paho.client.mqttv3.internal.ClientComms$ConnectBG.run(ClientComms.java:724)
04-23 14:27:28.609 22169 22623 W System.err:    ... 1 more
04-23 14:27:28.609 22169 22623 W System.err: Caused by: java.security.cert.CertificateException: java.security.cert.CertPathValidatorException: Trust anchor for certification path not found.
04-23 14:27:28.609 22169 22623 W System.err:    at com.android.org.conscrypt.TrustManagerImpl.checkTrustedRecursive(TrustManagerImpl.java:656)
04-23 14:27:28.609 22169 22623 W System.err:    at com.android.org.conscrypt.TrustManagerImpl.checkTrustedRecursive(TrustManagerImpl.java:615)
04-23 14:27:28.609 22169 22623 W System.err:    at com.android.org.conscrypt.TrustManagerImpl.checkTrusted(TrustManagerImpl.java:505)
04-23 14:27:28.609 22169 22623 W System.err:    at com.android.org.conscrypt.TrustManagerImpl.checkTrusted(TrustManagerImpl.java:425)
04-23 14:27:28.610 22169 22623 W System.err:    at com.android.org.conscrypt.TrustManagerImpl.getTrustedChainForServer(TrustManagerImpl.java:353)
04-23 14:27:28.610 22169 22623 W System.err:    at android.security.net.config.NetworkSecurityTrustManager.checkServerTrusted(NetworkSecurityTrustManager.java:94)
04-23 14:27:28.610 22169 22623 W System.err:    at android.security.net.config.RootTrustManager.checkServerTrusted(RootTrustManager.java:90)
04-23 14:27:28.610 22169 22623 W System.err:    at com.android.org.conscrypt.ConscryptEngineSocket$2.checkServerTrusted(ConscryptEngineSocket.java:163)
04-23 14:27:28.610 22169 22623 W System.err:    at com.android.org.conscrypt.Platform.checkServerTrusted(Platform.java:260)
04-23 14:27:28.610 22169 22623 W System.err:    at com.android.org.conscrypt.ConscryptEngine.verifyCertificateChain(ConscryptEngine.java:1638)
04-23 14:27:28.610 22169 22623 W System.err:    at com.android.org.conscrypt.NativeCrypto.ENGINE_SSL_read_direct(Native Method)
04-23 14:27:28.610 22169 22623 W System.err:    at com.android.org.conscrypt.NativeSsl.readDirectByteBuffer(NativeSsl.java:569)
04-23 14:27:28.610 22169 22623 W System.err:    at com.android.org.conscrypt.ConscryptEngine.readPlaintextDataDirect(ConscryptEngine.java:1095)
04-23 14:27:28.610 22169 22623 W System.err:    at com.android.org.conscrypt.ConscryptEngine.readPlaintextData(ConscryptEngine.java:1079)
04-23 14:27:28.610 22169 22623 W System.err:    ... 10 more
04-23 14:27:28.611 22169 22623 W System.err: Caused by: java.security.cert.CertPathValidatorException: Trust anchor for certification path not found.
04-23 14:27:28.611 22169 22623 W System.err:    ... 24 more
04-23 14:27:28.620 22169 22169 D SettingFragment: === CONNECT FAILED ===
04-23 14:27:28.620 22169 22169 D MainActivity: === CONNECT FAILED ===
04-23 14:27:28.626 22169 22169 D SettingFragment: Error: MqttException
04-23 14:27:28.626 22169 22169 D MainActivity: Error: MqttException
04-23 14:27:28.639 22169 22169 D CloudTTS: Downloading [fallback=0]: https://tts.mzzsfy.eu.org/api/tts?text=MQTT%E6%9C%AA%E8%BF%9E%E6%8E%A5&lang=zh-CN&voice=zh-CN-Xiaoxi
04-23 14:27:28.701 22169 22169 W libc    : Access denied finding property "vendor.display.enable_optimal_refresh_rate"
04-23 14:27:28.697 22169 22169 W io.emqx.mqtt: type=1400 audit(0.0:7703): avc:  denied  { read } for  name="u:object_r:vendor_display_prop:s0" dev="tmpfs" ino=16577 scontext=u:r:untrusted_app_29:s0:c142,c257,c512,c768 tcontext=u:object_r:vendor_display_prop:s0 tclass=file permissive=0 app=io.emqx.mqtt
04-23 14:27:28.707 22169 22224 E OpenGLRenderer: Unable to match the desired swap behavior.
04-23 14:27:28.708 22169 22169 D VRI[Toast]: vri.reportNextDraw android.view.ViewRootImpl.performTraversals:4360 android.view.ViewRootImpl.doTraversal:2989 android.view.ViewRootImpl$TraversalRunnable.run:10304 android.view.Choreographer$CallbackRecord.run:1594 android.view.Choreographer$CallbackRecord.run:1603
04-23 14:27:28.709 22169 22169 D VRI[Toast]: vri.Setup new sync=wmsSync-VRI[Toast]#20
04-23 14:27:28.713 22169 22224 D OpenGLRenderer: makeCurrent grContext:0x74ccccc300 reset mTextureAvailable
04-23 14:27:28.716 22169 22169 D VRI[Toast]: vri.reportDrawFinished
04-23 14:27:29.018 22169 22574 W CloudTTS: HTTP error: 503 Service Unavailable
04-23 14:27:29.019 22169 22574 W CloudTTS: Download failed or file too small (nullB), fallback
04-23 14:27:29.019 22169 22574 W CloudTTS: EdgeTTS failed, switching to Baidu
04-23 14:27:29.021 22169 22574 D CloudTTS: Downloading [fallback=1]: https://fanyi.baidu.com/gettts?lan=zh&text=MQTT%E6%9C%AA%E8%BF%9E%E6%8E%A5&spd=4&source=web
04-23 14:27:29.046 22169 22574 D TrafficStats: tagSocket(141) with statsTag=0xffffffff, statsUid=-1
04-23 14:27:29.350 22169 22574 D CloudTTS: Response: 200 type=audio/mpeg size=20160
04-23 14:27:29.355 22169 22574 D CloudTTS: Downloaded: /data/user/0/io.emqx.mqtt/cache/cloudtts_cache/tts_1776925649350.mp3 (20160B)
04-23 14:27:29.357 22169 22169 V MediaPlayer: resetDrmState:  mDrmInfo=null mDrmProvisioningThread=null mPrepareDrmInProgress=false mActiveDrmScheme=false
04-23 14:27:29.358 22169 22169 V MediaPlayer: cleanDrmObj: mDrmObj=null mDrmSessionId=null
04-23 14:27:29.359 22169 22169 V MediaPlayer: resetDrmState:  mDrmInfo=null mDrmProvisioningThread=null mPrepareDrmInProgress=false mActiveDrmScheme=false
04-23 14:27:29.360 22169 22169 V MediaPlayer: cleanDrmObj: mDrmObj=null mDrmSessionId=null
04-23 14:27:29.386 22169 22169 W MediaPlayer: Use of stream types is deprecated for operations other than volume control
04-23 14:27:29.386 22169 22169 W MediaPlayer: See the documentation of setAudioStreamType() for what to use instead with android.media.AudioAttributes to qualify your playback use case
04-23 14:27:29.404 22169 22169 D CloudTTS: Playback started: tts_1776925649350.mp3 (20160B)
04-23 14:27:29.508 22169 22169 W AidlConversionCppNdk: aidl2legacy_AudioChannelLayout_audio_channel_mask_t: no legacy output audio_channel_mask_t found for AudioChannelLayout{layoutMask: 16}
04-23 14:27:30.645 22169 22169 W WindowOnBackDispatcher: sendCancelIfRunning: isInProgress=falsecallback=android.view.ViewRootImpl$$ExternalSyntheticLambda21@cc3db77
04-23 14:27:30.738 22169 22169 W libc    : Access denied finding property "vendor.display.enable_optimal_refresh_rate"
04-23 14:27:30.733 22169 22169 W io.emqx.mqtt: type=1400 audit(0.0:7706): avc:  denied  { read } for  name="u:object_r:vendor_display_prop:s0" dev="tmpfs" ino=16577 scontext=u:r:untrusted_app_29:s0:c142,c257,c512,c768 tcontext=u:object_r:vendor_display_prop:s0 tclass=file permissive=0 app=io.emqx.mqtt
04-23 14:27:30.741 22169 22224 E OpenGLRenderer: Unable to match the desired swap behavior.
04-23 14:27:30.743 22169 22169 D VRI[Toast]: vri.reportNextDraw android.view.ViewRootImpl.performTraversals:4360 android.view.ViewRootImpl.doTraversal:2989 android.view.ViewRootImpl$TraversalRunnable.run:10304 android.view.Choreographer$CallbackRecord.run:1594 android.view.Choreographer$CallbackRecord.run:1603
04-23 14:27:30.743 22169 22169 D VRI[Toast]: vri.Setup new sync=wmsSync-VRI[Toast]#22
04-23 14:27:30.747 22169 22224 D OpenGLRenderer: makeCurrent grContext:0x74ccccc300 reset mTextureAvailable
04-23 14:27:30.751 22169 22169 D VRI[Toast]: vri.reportDrawFinished
04-23 14:27:31.139 22169 22169 D MainActivity: MQTT connection check: isConnected=false
04-23 14:27:31.161 22169 22169 D SettingFragment: ⚠️ MQTT connection lost detected by monitor, attempting reconnect...
04-23 14:27:31.161 22169 22169 D MainActivity: ⚠️ MQTT connection lost detected by monitor, attempting reconnect...
04-23 14:27:31.161 22169 22169 W MainActivity: MQTT disconnected, auto-reconnecting...
04-23 14:27:31.169 22169 22169 D SettingFragment: Calling connect()...
04-23 14:27:31.169 22169 22169 D MainActivity: Calling connect()...
04-23 14:27:31.171 22169 22169 D HA_Integration: Configured Last Will: topic=byd2ha/byd2ha_bridge/status, message=offline
04-23 14:27:31.252 22169 22646 D TrafficStats: tagSocket(187) with statsTag=0xffffffff, statsUid=-1
04-23 14:27:31.369 22169 22646 W System.err: MqttException (0) - javax.net.ssl.SSLHandshakeException: java.security.cert.CertPathValidatorException: Trust anchor for certification path not found.
04-23 14:27:31.369 22169 22646 W System.err:    at org.eclipse.paho.client.mqttv3.internal.ExceptionHelper.createMqttException(ExceptionHelper.java:38)
04-23 14:27:31.369 22169 22646 W System.err:    at org.eclipse.paho.client.mqttv3.internal.ClientComms$ConnectBG.run(ClientComms.java:738)
04-23 14:27:31.370 22169 22646 W System.err:    at java.lang.Thread.run(Thread.java:1012)
04-23 14:27:31.370 22169 22646 W System.err: Caused by: javax.net.ssl.SSLHandshakeException: java.security.cert.CertPathValidatorException: Trust anchor for certification path not found.
04-23 14:27:31.370 22169 22646 W System.err:    at com.android.org.conscrypt.SSLUtils.toSSLHandshakeException(SSLUtils.java:356)
04-23 14:27:31.370 22169 22646 W System.err:    at com.android.org.conscrypt.ConscryptEngine.convertException(ConscryptEngine.java:1134)
04-23 14:27:31.370 22169 22646 W System.err:    at com.android.org.conscrypt.ConscryptEngine.readPlaintextData(ConscryptEngine.java:1089)
04-23 14:27:31.370 22169 22646 W System.err:    at com.android.org.conscrypt.ConscryptEngine.unwrap(ConscryptEngine.java:876)
04-23 14:27:31.370 22169 22646 W System.err:    at com.android.org.conscrypt.ConscryptEngine.unwrap(ConscryptEngine.java:747)
04-23 14:27:31.370 22169 22646 W System.err:    at com.android.org.conscrypt.ConscryptEngine.unwrap(ConscryptEngine.java:712)
04-23 14:27:31.371 22169 22646 W System.err:    at com.android.org.conscrypt.ConscryptEngineSocket$SSLInputStream.processDataFromSocket(ConscryptEngineSocket.java:896)
04-23 14:27:31.371 22169 22646 W System.err:    at com.android.org.conscrypt.ConscryptEngineSocket$SSLInputStream.-$$Nest$mprocessDataFromSocket(Unknown Source:0)
04-23 14:27:31.371 22169 22646 W System.err:    at com.android.org.conscrypt.ConscryptEngineSocket.doHandshake(ConscryptEngineSocket.java:236)
04-23 14:27:31.371 22169 22646 W System.err:    at com.android.org.conscrypt.ConscryptEngineSocket.startHandshake(ConscryptEngineSocket.java:218)
04-23 14:27:31.371 22169 22646 W System.err:    at org.eclipse.paho.client.mqttv3.internal.SSLNetworkModule.start(SSLNetworkModule.java:159)
04-23 14:27:31.371 22169 22646 W System.err:    at org.eclipse.paho.client.mqttv3.internal.ClientComms$ConnectBG.run(ClientComms.java:724)
04-23 14:27:31.371 22169 22646 W System.err:    ... 1 more
04-23 14:27:31.372 22169 22646 W System.err: Caused by: java.security.cert.CertificateException: java.security.cert.CertPathValidatorException: Trust anchor for certification path not found.
04-23 14:27:31.372 22169 22646 W System.err:    at com.android.org.conscrypt.TrustManagerImpl.checkTrustedRecursive(TrustManagerImpl.java:656)
04-23 14:27:31.372 22169 22646 W System.err:    at com.android.org.conscrypt.TrustManagerImpl.checkTrustedRecursive(TrustManagerImpl.java:615)
04-23 14:27:31.372 22169 22646 W System.err:    at com.android.org.conscrypt.TrustManagerImpl.checkTrusted(TrustManagerImpl.java:505)
04-23 14:27:31.372 22169 22646 W System.err:    at com.android.org.conscrypt.TrustManagerImpl.checkTrusted(TrustManagerImpl.java:425)
04-23 14:27:31.372 22169 22646 W System.err:    at com.android.org.conscrypt.TrustManagerImpl.getTrustedChainForServer(TrustManagerImpl.java:353)
04-23 14:27:31.372 22169 22646 W System.err:    at android.security.net.config.NetworkSecurityTrustManager.checkServerTrusted(NetworkSecurityTrustManager.java:94)
04-23 14:27:31.373 22169 22646 W System.err:    at android.security.net.config.RootTrustManager.checkServerTrusted(RootTrustManager.java:90)
04-23 14:27:31.373 22169 22646 W System.err:    at com.android.org.conscrypt.ConscryptEngineSocket$2.checkServerTrusted(ConscryptEngineSocket.java:163)
04-23 14:27:31.373 22169 22646 W System.err:    at com.android.org.conscrypt.Platform.checkServerTrusted(Platform.java:260)
04-23 14:27:31.373 22169 22646 W System.err:    at com.android.org.conscrypt.ConscryptEngine.verifyCertificateChain(ConscryptEngine.java:1638)
04-23 14:27:31.373 22169 22646 W System.err:    at com.android.org.conscrypt.NativeCrypto.ENGINE_SSL_read_direct(Native Method)
04-23 14:27:31.373 22169 22646 W System.err:    at com.android.org.conscrypt.NativeSsl.readDirectByteBuffer(NativeSsl.java:569)
04-23 14:27:31.373 22169 22646 W System.err:    at com.android.org.conscrypt.ConscryptEngine.readPlaintextDataDirect(ConscryptEngine.java:1095)
04-23 14:27:31.373 22169 22646 W System.err:    at com.android.org.conscrypt.ConscryptEngine.readPlaintextData(ConscryptEngine.java:1079)
04-23 14:27:31.374 22169 22646 W System.err:    ... 10 more
04-23 14:27:31.374 22169 22646 W System.err: Caused by: java.security.cert.CertPathValidatorException: Trust anchor for certification path not found.
04-23 14:27:31.374 22169 22646 W System.err:    ... 24 more
04-23 14:27:31.378 22169 22169 D SettingFragment: === CONNECT FAILED ===
04-23 14:27:31.378 22169 22169 D MainActivity: === CONNECT FAILED ===
04-23 14:27:31.383 22169 22169 D SettingFragment: Error: MqttException
04-23 14:27:31.383 22169 22169 D MainActivity: Error: MqttException
04-23 14:27:31.398 22169 22169 D CloudTTS: Downloading [fallback=0]: https://tts.mzzsfy.eu.org/api/tts?text=MQTT%E6%9C%AA%E8%BF%9E%E6%8E%A5&lang=zh-CN&voice=zh-CN-Xiaoxi
04-23 14:27:31.409 22169 22574 D TrafficStats: tagSocket(144) with statsTag=0xffffffff, statsUid=-1
04-23 14:27:32.246 22169 22169 V MediaPlayer: resetDrmState:  mDrmInfo=null mDrmProvisioningThread=null mPrepareDrmInProgress=false mActiveDrmScheme=false
04-23 14:27:32.246 22169 22169 V MediaPlayer: cleanDrmObj: mDrmObj=null mDrmSessionId=null
04-23 14:27:32.648 22169 22169 W WindowOnBackDispatcher: sendCancelIfRunning: isInProgress=falsecallback=android.view.ViewRootImpl$$ExternalSyntheticLambda21@3b099fe
04-23 14:27:32.740 22169 22169 W libc    : Access denied finding property "vendor.display.enable_optimal_refresh_rate"
04-23 14:27:32.737 22169 22169 W io.emqx.mqtt: type=1400 audit(0.0:7707): avc:  denied  { read } for  name="u:object_r:vendor_display_prop:s0" dev="tmpfs" ino=16577 scontext=u:r:untrusted_app_29:s0:c142,c257,c512,c768 tcontext=u:object_r:vendor_display_prop:s0 tclass=file permissive=0 app=io.emqx.mqtt
04-23 14:27:32.745 22169 22224 E OpenGLRenderer: Unable to match the desired swap behavior.
04-23 14:27:32.747 22169 22169 D VRI[Toast]: vri.reportNextDraw android.view.ViewRootImpl.performTraversals:4360 android.view.ViewRootImpl.doTraversal:2989 android.view.ViewRootImpl$TraversalRunnable.run:10304 android.view.Choreographer$CallbackRecord.run:1594 android.view.Choreographer$CallbackRecord.run:1603
04-23 14:27:32.747 22169 22169 D VRI[Toast]: vri.Setup new sync=wmsSync-VRI[Toast]#24
04-23 14:27:32.750 22169 22224 D OpenGLRenderer: makeCurrent grContext:0x74ccccc300 reset mTextureAvailable
04-23 14:27:32.755 22169 22169 D VRI[Toast]: vri.reportDrawFinished
04-23 14:27:33.189 22169 22574 D CloudTTS: Response: 200 type=audio/mp3 size=-1
04-23 14:27:33.204 22169 22574 D CloudTTS: Downloaded: /data/user/0/io.emqx.mqtt/cache/cloudtts_cache/tts_1776925653189.mp3 (13680B)
04-23 14:27:33.206 22169 22169 V MediaPlayer: resetDrmState:  mDrmInfo=null mDrmProvisioningThread=null mPrepareDrmInProgress=false mActiveDrmScheme=false
04-23 14:27:33.206 22169 22169 V MediaPlayer: cleanDrmObj: mDrmObj=null mDrmSessionId=null
04-23 14:27:33.207 22169 22169 V MediaPlayer: resetDrmState:  mDrmInfo=null mDrmProvisioningThread=null mPrepareDrmInProgress=false mActiveDrmScheme=false
04-23 14:27:33.207 22169 22169 V MediaPlayer: cleanDrmObj: mDrmObj=null mDrmSessionId=null
04-23 14:27:33.229 22169 22169 W MediaPlayer: Use of stream types is deprecated for operations other than volume control
04-23 14:27:33.229 22169 22169 W MediaPlayer: See the documentation of setAudioStreamType() for what to use instead with android.media.AudioAttributes to qualify your playback use case
04-23 14:27:33.244 22169 22169 D CloudTTS: Playback started: tts_1776925653189.mp3 (13680B)
04-23 14:27:33.378 22169 22169 W AidlConversionCppNdk: aidl2legacy_AudioChannelLayout_audio_channel_mask_t: no legacy output audio_channel_mask_t found for AudioChannelLayout{layoutMask: 16}
04-23 14:27:34.652 22169 22169 W WindowOnBackDispatcher: sendCancelIfRunning: isInProgress=falsecallback=android.view.ViewRootImpl$$ExternalSyntheticLambda21@89a5b29
04-23 14:27:34.743 22169 22169 W libc    : Access denied finding property "vendor.display.enable_optimal_refresh_rate"
04-23 14:27:34.737 22169 22169 W io.emqx.mqtt: type=1400 audit(0.0:7708): avc:  denied  { read } for  name="u:object_r:vendor_display_prop:s0" dev="tmpfs" ino=16577 scontext=u:r:untrusted_app_29:s0:c142,c257,c512,c768 tcontext=u:object_r:vendor_display_prop:s0 tclass=file permissive=0 app=io.emqx.mqtt
04-23 14:27:34.748 22169 22224 E OpenGLRenderer: Unable to match the desired swap behavior.
04-23 14:27:34.752 22169 22169 D VRI[Toast]: vri.reportNextDraw android.view.ViewRootImpl.performTraversals:4360 android.view.ViewRootImpl.doTraversal:2989 android.view.ViewRootImpl$TraversalRunnable.run:10304 android.view.Choreographer$CallbackRecord.run:1594 android.view.Choreographer$CallbackRecord.run:1603
04-23 14:27:34.752 22169 22169 D VRI[Toast]: vri.Setup new sync=wmsSync-VRI[Toast]#26
04-23 14:27:34.758 22169 22224 D OpenGLRenderer: makeCurrent grContext:0x74ccccc300 reset mTextureAvailable
04-23 14:27:34.762 22169 22169 D VRI[Toast]: vri.reportDrawFinished
04-23 14:27:35.746 22169 22169 V MediaPlayer: resetDrmState:  mDrmInfo=null mDrmProvisioningThread=null mPrepareDrmInProgress=false mActiveDrmScheme=false
04-23 14:27:35.746 22169 22169 V MediaPlayer: cleanDrmObj: mDrmObj=null mDrmSessionId=null
04-23 14:27:36.651 22169 22169 W WindowOnBackDispatcher: sendCancelIfRunning: isInProgress=falsecallback=android.view.ViewRootImpl$$ExternalSyntheticLambda21@86a4e47
04-23 14:27:36.735 22169 22169 W libc    : Access denied finding property "vendor.display.enable_optimal_refresh_rate"
04-23 14:27:36.733 22169 22169 W io.emqx.mqtt: type=1400 audit(0.0:7709): avc:  denied  { read } for  name="u:object_r:vendor_display_prop:s0" dev="tmpfs" ino=16577 scontext=u:r:untrusted_app_29:s0:c142,c257,c512,c768 tcontext=u:object_r:vendor_display_prop:s0 tclass=file permissive=0 app=io.emqx.mqtt
04-23 14:27:36.741 22169 22224 E OpenGLRenderer: Unable to match the desired swap behavior.
04-23 14:27:36.744 22169 22169 D VRI[Toast]: vri.reportNextDraw android.view.ViewRootImpl.performTraversals:4360 android.view.ViewRootImpl.doTraversal:2989 android.view.ViewRootImpl$TraversalRunnable.run:10304 android.view.Choreographer$CallbackRecord.run:1594 android.view.Choreographer$CallbackRecord.run:1603
04-23 14:27:36.744 22169 22169 D VRI[Toast]: vri.Setup new sync=wmsSync-VRI[Toast]#28
04-23 14:27:36.747 22169 22224 D OpenGLRenderer: makeCurrent grContext:0x74ccccc300 reset mTextureAvailable
04-23 14:27:36.752 22169 22169 D VRI[Toast]: vri.reportDrawFinished
04-23 14:27:36.760 22169 22169 D VRI[Toast]: vri.reportNextDraw android.view.ViewRootImpl.handleResized:2297 android.view.ViewRootImpl.-$$Nest$mhandleResized:0 android.view.ViewRootImpl$ViewRootHandler.handleMessageImpl:6693 android.view.ViewRootImpl$ViewRootHandler.handleMessage:6662 android.os.Handler.dispatchMessage:106
04-23 14:27:36.765 22169 22169 D VRI[Toast]: vri.Setup new sync=wmsSync-VRI[Toast]#30
04-23 14:27:36.768 22169 22169 D VRI[Toast]: vri.reportDrawFinished
04-23 14:27:37.697 22169 22169 D SettingFragment: Allow Untrusted enabled
04-23 14:27:38.656 22169 22169 W WindowOnBackDispatcher: sendCancelIfRunning: isInProgress=falsecallback=android.view.ViewRootImpl$$ExternalSyntheticLambda21@1d4ef5e
04-23 14:27:38.886 22169 22169 D SettingFragment: === Starting Connection ===
04-23 14:27:38.890 22169 22169 D SettingFragment: Protocol: SSL
04-23 14:27:38.893 22169 22169 D SettingFragment: Host: urright.cloud
04-23 14:27:38.895 22169 22169 D SettingFragment: Port: 3888
04-23 14:27:38.898 22169 22169 D SettingFragment: Path: /mqtt
04-23 14:27:38.900 22169 22169 D SettingFragment: ClientId: paho1938970282332
04-23 14:27:38.902 22169 22169 D SettingFragment: Username: weipc
04-23 14:27:38.904 22169 22169 D SettingFragment: TTS: true, Float: true
04-23 14:27:38.906 22169 22169 D SettingFragment: Calling connect()...
04-23 14:27:38.912 22169 22169 D SettingFragment: Calling connect()...
04-23 14:27:38.912 22169 22169 D MainActivity: Calling connect()...
04-23 14:27:38.914 22169 22169 D HA_Integration: Configured Last Will: topic=byd2ha/byd2ha_bridge/status, message=offline
04-23 14:27:38.990 22169 22675 D TrafficStats: tagSocket(187) with statsTag=0xffffffff, statsUid=-1
04-23 14:27:39.651 22169 22169 D SettingFragment: === CONNECT SUCCESS ===
04-23 14:27:39.651 22169 22169 D MainActivity: === CONNECT SUCCESS ===
04-23 14:27:39.674 22169 22681 D HA_Integration: Published discovery config to homeassistant/sensor/byd2ha_79d1ad84/battery/config (QoS=1, Retain=true)
04-23 14:27:39.674 22169 22681 D HA_Integration: Published online status to byd2ha/byd2ha_79d1ad84/status (QoS=1, Retain=true)
04-23 14:27:39.674 22169 22681 D HA_Integration: Stopped battery reporting
04-23 14:27:39.677 22169 22681 D HA_Integration: Published battery level: 99% (QoS=1, Retain=false)
04-23 14:27:39.677 22169 22681 D HA_Integration: Started battery reporting (interval: 60000ms, first report after 60s)
04-23 14:27:39.677 22169 22681 D MainActivity: MQTT connection monitor stopped
04-23 14:27:39.677 22169 22681 D MainActivity: MQTT connection monitor started (interval: 15000ms)
04-23 14:27:39.705 22169 22169 D SettingFragment: [Auto] Battery: 99% (discharging)
04-23 14:27:39.705 22169 22169 D MainActivity: [Auto] Battery: 99% (discharging)
04-23 14:27:39.729 22169 22169 D CloudTTS: Downloading [fallback=0]: https://tts.mzzsfy.eu.org/api/tts?text=MQTT%E5%B7%B2%E8%BF%9E%E6%8E%A5&lang=zh-CN&voice=zh-CN-Xiaoxi
04-23 14:27:39.837 22169 22169 W libc    : Access denied finding property "vendor.display.enable_optimal_refresh_rate"
04-23 14:27:39.833 22169 22169 W io.emqx.mqtt: type=1400 audit(0.0:7710): avc:  denied  { read } for  name="u:object_r:vendor_display_prop:s0" dev="tmpfs" ino=16577 scontext=u:r:untrusted_app_29:s0:c142,c257,c512,c768 tcontext=u:object_r:vendor_display_prop:s0 tclass=file permissive=0 app=io.emqx.mqtt
04-23 14:27:39.842 22169 22224 E OpenGLRenderer: Unable to match the desired swap behavior.
04-23 14:27:39.845 22169 22169 D VRI[Toast]: vri.reportNextDraw android.view.ViewRootImpl.performTraversals:4360 android.view.ViewRootImpl.doTraversal:2989 android.view.ViewRootImpl$TraversalRunnable.run:10304 android.view.Choreographer$CallbackRecord.run:1594 android.view.Choreographer$CallbackRecord.run:1603
04-23 14:27:39.845 22169 22169 D VRI[Toast]: vri.Setup new sync=wmsSync-VRI[Toast]#32
04-23 14:27:39.849 22169 22224 D OpenGLRenderer: makeCurrent grContext:0x74ccccc300 reset mTextureAvailable
04-23 14:27:39.854 22169 22169 D VRI[Toast]: vri.reportDrawFinished
04-23 14:27:40.446 22169 22574 D CloudTTS: Response: 200 type=audio/mp3 size=-1
04-23 14:27:40.453 22169 22574 D CloudTTS: Downloaded: /data/user/0/io.emqx.mqtt/cache/cloudtts_cache/tts_1776925660446.mp3 (13536B)
04-23 14:27:40.472 22169 22169 V MediaPlayer: resetDrmState:  mDrmInfo=null mDrmProvisioningThread=null mPrepareDrmInProgress=false mActiveDrmScheme=false
04-23 14:27:40.472 22169 22169 V MediaPlayer: cleanDrmObj: mDrmObj=null mDrmSessionId=null
04-23 14:27:40.472 22169 22169 V MediaPlayer: resetDrmState:  mDrmInfo=null mDrmProvisioningThread=null mPrepareDrmInProgress=false mActiveDrmScheme=false
04-23 14:27:40.472 22169 22169 V MediaPlayer: cleanDrmObj: mDrmObj=null mDrmSessionId=null
04-23 14:27:40.491 22169 22169 W MediaPlayer: Use of stream types is deprecated for operations other than volume control
04-23 14:27:40.492 22169 22169 W MediaPlayer: See the documentation of setAudioStreamType() for what to use instead with android.media.AudioAttributes to qualify your playback use case
04-23 14:27:40.510 22169 22169 D CloudTTS: Playback started: tts_1776925660446.mp3 (13536B)
04-23 14:27:40.637 22169 22169 W AidlConversionCppNdk: aidl2legacy_AudioChannelLayout_audio_channel_mask_t: no legacy output audio_channel_mask_t found for AudioChannelLayout{layoutMask: 16}
04-23 14:27:41.729 22169 22169 W WindowOnBackDispatcher: sendCancelIfRunning: isInProgress=falsecallback=android.view.ViewRootImpl$$ExternalSyntheticLambda21@b026734
04-23 14:27:41.817 22169 22169 W libc    : Access denied finding property "vendor.display.enable_optimal_refresh_rate"
04-23 14:27:41.813 22169 22169 W io.emqx.mqtt: type=1400 audit(0.0:7713): avc:  denied  { read } for  name="u:object_r:vendor_display_prop:s0" dev="tmpfs" ino=16577 scontext=u:r:untrusted_app_29:s0:c142,c257,c512,c768 tcontext=u:object_r:vendor_display_prop:s0 tclass=file permissive=0 app=io.emqx.mqtt
04-23 14:27:41.822 22169 22224 E OpenGLRenderer: Unable to match the desired swap behavior.
04-23 14:27:41.825 22169 22169 D VRI[Toast]: vri.reportNextDraw android.view.ViewRootImpl.performTraversals:4360 android.view.ViewRootImpl.doTraversal:2989 android.view.ViewRootImpl$TraversalRunnable.run:10304 android.view.Choreographer$CallbackRecord.run:1594 android.view.Choreographer$CallbackRecord.run:1603
04-23 14:27:41.826 22169 22169 D VRI[Toast]: vri.Setup new sync=wmsSync-VRI[Toast]#34
04-23 14:27:41.828 22169 22224 D OpenGLRenderer: makeCurrent grContext:0x74ccccc300 reset mTextureAvailable
04-23 14:27:41.832 22169 22169 D VRI[Toast]: vri.reportDrawFinished
04-23 14:27:43.099 22169 22169 V MediaPlayer: resetDrmState:  mDrmInfo=null mDrmProvisioningThread=null mPrepareDrmInProgress=false mActiveDrmScheme=false
04-23 14:27:43.099 22169 22169 V MediaPlayer: cleanDrmObj: mDrmObj=null mDrmSessionId=null
04-23 14:27:43.734 22169 22169 W WindowOnBackDispatcher: sendCancelIfRunning: isInProgress=falsecallback=android.view.ViewRootImpl$$ExternalSyntheticLambda21@cb8ca2a
04-23 14:27:54.679 22169 22169 D MainActivity: MQTT connection check: isConnected=true
04-23 14:27:56.435 22169 22169 W WindowOnBackDispatcher: sendCancelIfRunning: isInProgress=falsecallback=ImeCallback=ImeOnBackInvokedCallback@221004306 Callback=android.window.IOnBackInvokedCallback$Stub$Proxy@8fdcdb5
04-23 14:27:56.444 22169 22169 I ImeTracker: io.emqx.mqtt:3f5ae19a: onCancelled at PHASE_CLIENT_APPLY_ANIMATION
04-23 14:27:56.444 22169 22455 I Choreographer: Skipped 30 frames!  The application may be doing too much work on its main thread.
04-23 14:27:56.660 22169 22169 I ImeTracker: io.emqx.mqtt:c5d28faa: onRequestHide at ORIGIN_CLIENT_HIDE_SOFT_INPUT reason HIDE_SOFT_INPUT_BY_INSETS_API
04-23 14:27:57.042 22169 22169 I MiInputConsumer: optimized resample latency: 1518764 ns
04-23 14:27:57.283 22169 22169 D SplineOverScroller: mFlingDuration: 1527,mFlingDistance: 597.6743774414062,mVelocity: -1335
04-23 14:27:57.638 22169 22184 I io.emqx.mqtt: This is sticky GC, maxfree is 33554432 minfree is 8388608
04-23 14:27:57.855 22169 22169 D SplineOverScroller: mFlingDuration: 2102,mFlingDistance: 2113.953369140625,mVelocity: 4595
04-23 14:27:58.662 22169 22169 D SettingFragment: 跳转自启动管理
04-23 14:27:58.697 22169 22227 D ContentCatcher_injector: Interceptor : notifyActivityPause: io.emqx.mqtt@io.emqx.mqtt.MainActivity@85028645
04-23 14:27:58.697 22169 22227 D ContentCatcher_catcher: CatcherHolder : mCatcherList size: 0
04-23 14:27:58.747 22169 22169 D EditorStubImpl: Type = 2, RectF = RectF(540.0, 389.0, 650.0, 499.0), mInsertionHandleData = [HandleData{mIsShow=false, mPosition=RectF(540.0, 389.0, 650.0, 499.0)}]
04-23 14:27:58.748 22169 22169 D EditorStubImpl: Type = 2, RectF = RectF(332.0, 488.0, 442.0, 598.0), mInsertionHandleData = [HandleData{mIsShow=false, mPosition=RectF(332.0, 488.0, 442.0, 598.0)}]
04-23 14:27:59.633 22169 22227 D ContentCatcher_injector: Interceptor : notifyActivityStop: io.emqx.mqtt@io.emqx.mqtt.MainActivity@85028645
04-23 14:27:59.634 22169 22227 D ContentCatcher_catcher: CatcherHolder : mCatcherList size: 0
04-23 14:27:59.641 22169 22169 D MainActivity: MQTT connection monitor stopped
04-23 14:27:59.641 22169 22169 D MainActivity: App stopped, MQTT connection monitor stopped
04-23 14:27:59.660 22169 22169 D EditorStubImpl: Type = 2, RectF = RectF(540.0, 389.0, 650.0, 499.0), mInsertionHandleData = [HandleData{mIsShow=false, mPosition=RectF(540.0, 389.0, 650.0, 499.0)}]
04-23 14:27:59.661 22169 22169 D EditorStubImpl: Type = 2, RectF = RectF(332.0, 488.0, 442.0, 598.0), mInsertionHandleData = [HandleData{mIsShow=false, mPosition=RectF(332.0, 488.0, 442.0, 598.0)}]
04-23 14:28:08.765 22169 22227 D ContentCatcher_injector: Interceptor : notifyActivityStart: io.emqx.mqtt@io.emqx.mqtt.MainActivity@85028645
04-23 14:28:08.765 22169 22227 D ContentCatcher_catcher: CatcherHolder : mCatcherList size: 0
04-23 14:28:08.766 22169 22193 D AppScoutStateMachine: 22169-ScoutStateMachinecreated
04-23 14:28:08.777 22169 22227 D ContentCatcher_injector: Interceptor : notifyActivityResume: io.emqx.mqtt@io.emqx.mqtt.MainActivity@85028645
04-23 14:28:08.778 22169 22227 D ContentCatcher_catcher: CatcherHolder : mCatcherList size: 0
04-23 14:28:08.784 22169 22169 D MainActivity: MQTT connection monitor started (interval: 15000ms)
04-23 14:28:08.784 22169 22169 D MainActivity: App resumed, MQTT connection monitor started
04-23 14:28:08.805 22169 22169 W io.emqx.mqtt: type=1400 audit(0.0:7864): avc:  denied  { read } for  name="u:object_r:vendor_display_prop:s0" dev="tmpfs" ino=16577 scontext=u:r:untrusted_app_29:s0:c142,c257,c512,c768 tcontext=u:object_r:vendor_display_prop:s0 tclass=file permissive=0 app=io.emqx.mqtt
04-23 14:28:08.812 22169 22224 E OpenGLRenderer: Unable to match the desired swap behavior.
04-23 14:28:08.812 22169 22169 D VRI[MainActivity]: vri.reportNextDraw android.view.ViewRootImpl.performTraversals:4360 android.view.ViewRootImpl.doTraversal:2989 android.view.ViewRootImpl$TraversalRunnable.run:10304 android.view.Choreographer$CallbackRecord.run:1594 android.view.Choreographer$CallbackRecord.run:1603
04-23 14:28:08.814 22169 22169 D VRI[MainActivity]: vri.Setup new sync=wmsSync-VRI[MainActivity]#36
04-23 14:28:08.853 22169 22169 D VRI[MainActivity]: vri.reportDrawFinished
04-23 14:28:08.877 22169 22169 I AssistStructure: Flattened final assist data: 16336 bytes, containing 1 windows, 120 views
04-23 14:28:08.925 22169 22169 I HandWritingStubImpl: refreshLastKeyboardType: 1
04-23 14:28:08.931 22169 22169 I HandWritingStubImpl: getCurrentKeyboardType: 1
04-23 14:28:10.138 22169 22169 D SettingFragment: 跳转电池优化设置
04-23 14:28:10.166 22169 22227 D ContentCatcher_injector: Interceptor : notifyActivityPause: io.emqx.mqtt@io.emqx.mqtt.MainActivity@85028645
04-23 14:28:10.167 22169 22227 D ContentCatcher_catcher: CatcherHolder : mCatcherList size: 0
04-23 14:28:10.210 22169 22169 D EditorStubImpl: Type = 2, RectF = RectF(540.0, 389.0, 650.0, 499.0), mInsertionHandleData = [HandleData{mIsShow=false, mPosition=RectF(540.0, 389.0, 650.0, 499.0)}]
04-23 14:28:10.210 22169 22169 D EditorStubImpl: Type = 2, RectF = RectF(332.0, 488.0, 442.0, 598.0), mInsertionHandleData = [HandleData{mIsShow=false, mPosition=RectF(332.0, 488.0, 442.0, 598.0)}]
04-23 14:28:10.761 22169 22224 D OpenGLRenderer: endAllActiveAnimators on 0x7461c8c200 (RippleDrawable) with handle 0x74ccde9d80
04-23 14:28:10.793 22169 22227 D ContentCatcher_injector: Interceptor : notifyActivityStop: io.emqx.mqtt@io.emqx.mqtt.MainActivity@85028645
04-23 14:28:10.793 22169 22227 D ContentCatcher_catcher: CatcherHolder : mCatcherList size: 0
04-23 14:28:10.801 22169 22169 D MainActivity: MQTT connection monitor stopped
04-23 14:28:10.801 22169 22169 D MainActivity: App stopped, MQTT connection monitor stopped
04-23 14:28:10.820 22169 22169 D EditorStubImpl: Type = 2, RectF = RectF(540.0, 389.0, 650.0, 499.0), mInsertionHandleData = [HandleData{mIsShow=false, mPosition=RectF(540.0, 389.0, 650.0, 499.0)}]
04-23 14:28:10.821 22169 22169 D EditorStubImpl: Type = 2, RectF = RectF(332.0, 488.0, 442.0, 598.0), mInsertionHandleData = [HandleData{mIsShow=false, mPosition=RectF(332.0, 488.0, 442.0, 598.0)}]
04-23 14:28:17.073 22169 22227 D ContentCatcher_injector: Interceptor : notifyActivityStart: io.emqx.mqtt@io.emqx.mqtt.MainActivity@85028645
04-23 14:28:17.073 22169 22227 D ContentCatcher_catcher: CatcherHolder : mCatcherList size: 0
04-23 14:28:17.074 22169 22188 D AppScoutStateMachine: 22169-ScoutStateMachinecreated
04-23 14:28:17.085 22169 22227 D ContentCatcher_injector: Interceptor : notifyActivityResume: io.emqx.mqtt@io.emqx.mqtt.MainActivity@85028645
04-23 14:28:17.085 22169 22227 D ContentCatcher_catcher: CatcherHolder : mCatcherList size: 0
04-23 14:28:17.091 22169 22169 D MainActivity: MQTT connection monitor started (interval: 15000ms)
04-23 14:28:17.091 22169 22169 D MainActivity: App resumed, MQTT connection monitor started
04-23 14:28:17.112 22169 22169 W libc    : Access denied finding property "vendor.display.enable_optimal_refresh_rate"
04-23 14:28:17.109 22169 22169 W io.emqx.mqtt: type=1400 audit(0.0:8465): avc:  denied  { read } for  name="u:object_r:vendor_display_prop:s0" dev="tmpfs" ino=16577 scontext=u:r:untrusted_app_29:s0:c142,c257,c512,c768 tcontext=u:object_r:vendor_display_prop:s0 tclass=file permissive=0 app=io.emqx.mqtt
04-23 14:28:17.113 22169 22224 E OpenGLRenderer: Unable to match the desired swap behavior.
04-23 14:28:17.113 22169 22169 D VRI[MainActivity]: vri.reportNextDraw android.view.ViewRootImpl.performTraversals:4360 android.view.ViewRootImpl.doTraversal:2989 android.view.ViewRootImpl$TraversalRunnable.run:10304 android.view.Choreographer$CallbackRecord.run:1594 android.view.Choreographer$CallbackRecord.run:1603
04-23 14:28:17.114 22169 22169 D VRI[MainActivity]: vri.Setup new sync=wmsSync-VRI[MainActivity]#38
04-23 14:28:17.138 22169 22169 D VRI[MainActivity]: vri.reportDrawFinished
04-23 14:28:17.164 22169 22169 I HandWritingStubImpl: refreshLastKeyboardType: 1
04-23 14:28:17.170 22169 22169 I HandWritingStubImpl: getCurrentKeyboardType: 1
04-23 14:28:17.696 22169 22169 D MIUIInput: [KeyEvent] ViewRootImpl windowName 'sendBackKeyEvent-io.emqx.mqtt/io.emqx.mqtt.MainActivity', KeyEvent { action=ACTION_DOWN, keyCode=KEYCODE_BACK, scanCode=0, metaState=0, flags=0x48, repeatCount=0, eventTime=2035709000000, downTime=2035709000000, deviceId=-1, source=0x101, displayId=-1 }, phoneEventTime=14:28:17.688
04-23 14:28:17.698 22169 22169 D MIUIInput: [KeyEvent] ViewRootImpl windowName 'sendBackKeyEvent-io.emqx.mqtt/io.emqx.mqtt.MainActivity', KeyEvent { action=ACTION_UP, keyCode=KEYCODE_BACK, scanCode=0, metaState=0, flags=0x48, repeatCount=0, eventTime=2035716000000, downTime=2035716000000, deviceId=-1, source=0x101, displayId=-1 }, phoneEventTime=14:28:17.695
04-23 14:28:17.717 22169 22169 W MIUIInput: Back key is intercepted by the app
04-23 14:28:17.720 22169 22227 D ContentCatcher_injector: Interceptor : notifyActivityPause: io.emqx.mqtt@io.emqx.mqtt.MainActivity@85028645
04-23 14:28:17.720 22169 22227 D ContentCatcher_catcher: CatcherHolder : mCatcherList size: 0
04-23 14:28:17.738 22169 22169 D EditorStubImpl: Type = 2, RectF = RectF(540.0, 389.0, 650.0, 499.0), mInsertionHandleData = [HandleData{mIsShow=false, mPosition=RectF(540.0, 389.0, 650.0, 499.0)}]
04-23 14:28:17.738 22169 22169 D EditorStubImpl: Type = 2, RectF = RectF(332.0, 488.0, 442.0, 598.0), mInsertionHandleData = [HandleData{mIsShow=false, mPosition=RectF(332.0, 488.0, 442.0, 598.0)}]
04-23 14:28:18.680 22169 22227 D ContentCatcher_injector: Interceptor : notifyActivityStop: io.emqx.mqtt@io.emqx.mqtt.MainActivity@85028645
04-23 14:28:18.680 22169 22227 D ContentCatcher_catcher: CatcherHolder : mCatcherList size: 0
04-23 14:28:18.688 22169 22169 D MainActivity: MQTT connection monitor stopped
04-23 14:28:18.688 22169 22169 D MainActivity: App stopped, MQTT connection monitor stopped
04-23 14:28:18.705 22169 22169 D EditorStubImpl: Type = 2, RectF = RectF(540.0, 389.0, 650.0, 499.0), mInsertionHandleData = [HandleData{mIsShow=false, mPosition=RectF(540.0, 389.0, 650.0, 499.0)}]
04-23 14:28:18.706 22169 22169 D EditorStubImpl: Type = 2, RectF = RectF(332.0, 488.0, 442.0, 598.0), mInsertionHandleData = [HandleData{mIsShow=false, mPosition=RectF(332.0, 488.0, 442.0, 598.0)}]
04-23 14:28:25.822 22169 22169 D CompatibilityChangeReporter: Compat change id reported: 150939131; UID 10398; state: DISABLED
04-23 14:28:39.713 22169 22684 D HA_Integration: Published battery level: 99% (QoS=1, Retain=false)
04-23 14:28:39.739 22169 22169 D SettingFragment: [Auto] Battery: 99% (discharging)
04-23 14:28:39.739 22169 22169 D MainActivity: [Auto] Battery: 99% (discharging)
04-23 14:29:25.607 22169 22678 D HA_Integration: Stopped battery reporting
04-23 14:29:25.617 22169 22678 D MainActivity: Saved config found, scheduling reconnect...
04-23 14:29:25.628 22169 22169 D SettingFragment: Connection lost: 已断开连接 (32109) - java.io.EOFException
04-23 14:29:25.628 22169 22169 D MainActivity: Connection lost: 已断开连接 (32109) - java.io.EOFException
04-23 14:29:25.687 22169 22169 D SettingFragment: 🔄 Config exists, will attempt reconnect in 3 seconds...
04-23 14:29:25.687 22169 22169 D MainActivity: 🔄 Config exists, will attempt reconnect in 3 seconds...
04-23 14:29:29.608 22169 23062 D TrafficStats: tagSocket(102) with statsTag=0xffffffff, statsUid=-1
04-23 14:30:17.644 22169 23065 D HA_Integration: Stopped battery reporting
04-23 14:30:17.649 22169 23065 D MainActivity: Saved config found, scheduling reconnect...
04-23 14:30:17.664 22169 22169 D SettingFragment: Connection lost: 已断开连接 (32109) - java.io.EOFException
04-23 14:30:17.665 22169 22169 D MainActivity: Connection lost: 已断开连接 (32109) - java.io.EOFException
04-23 14:30:17.700 22169 22169 D SettingFragment: 🔄 Config exists, will attempt reconnect in 3 seconds...
04-23 14:30:17.700 22169 22169 D MainActivity: 🔄 Config exists, will attempt reconnect in 3 seconds...
04-23 14:30:22.976 22169 23076 D TrafficStats: tagSocket(102) with statsTag=0xffffffff, statsUid=-1
04-23 14:31:11.478 22169 23079 D HA_Integration: Stopped battery reporting
04-23 14:31:11.483 22169 23079 D MainActivity: Saved config found, scheduling reconnect...
04-23 14:31:11.501 22169 22169 D SettingFragment: Connection lost: 已断开连接 (32109) - java.io.EOFException
04-23 14:31:11.501 22169 22169 D MainActivity: Connection lost: 已断开连接 (32109) - java.io.EOFException
04-23 14:31:11.535 22169 22169 D SettingFragment: 🔄 Config exists, will attempt reconnect in 3 seconds...
04-23 14:31:11.535 22169 22169 D MainActivity: 🔄 Config exists, will attempt reconnect in 3 seconds...
04-23 14:31:15.104 22169 23096 D TrafficStats: tagSocket(102) with statsTag=0xffffffff, statsUid=-1
04-23 14:31:16.353 22169 22575 W DpmTcmClient: Couldn't find 'tcm' socket after 120times. quit trying
04-23 14:32:03.714 22169 23099 D HA_Integration: Stopped battery reporting
04-23 14:32:03.719 22169 23099 D MainActivity: Saved config found, scheduling reconnect...
04-23 14:32:03.737 22169 22169 D SettingFragment: Connection lost: 已断开连接 (32109) - java.io.EOFException
04-23 14:32:03.737 22169 22169 D MainActivity: Connection lost: 已断开连接 (32109) - java.io.EOFException
04-23 14:32:03.772 22169 22169 D SettingFragment: 🔄 Config exists, will attempt reconnect in 3 seconds...
04-23 14:32:03.772 22169 22169 D MainActivity: 🔄 Config exists, will attempt reconnect in 3 seconds...
04-23 14:32:07.971 22169 23118 D TrafficStats: tagSocket(102) with statsTag=0xffffffff, statsUid=-1
04-23 14:32:56.748 22169 23122 D HA_Integration: Stopped battery reporting
04-23 14:32:56.753 22169 23122 D MainActivity: Saved config found, scheduling reconnect...
04-23 14:32:56.768 22169 22169 D SettingFragment: Connection lost: 已断开连接 (32109) - java.io.EOFException
04-23 14:32:56.769 22169 22169 D MainActivity: Connection lost: 已断开连接 (32109) - java.io.EOFException
04-23 14:32:56.804 22169 22169 D SettingFragment: 🔄 Config exists, will attempt reconnect in 3 seconds...
04-23 14:32:56.804 22169 22169 D MainActivity: 🔄 Config exists, will attempt reconnect in 3 seconds...
04-23 14:33:01.895 22169 23134 D TrafficStats: tagSocket(102) with statsTag=0xffffffff, statsUid=-1
04-23 14:33:50.405 22169 23137 D HA_Integration: Stopped battery reporting
04-23 14:33:50.412 22169 23137 D MainActivity: Saved config found, scheduling reconnect...
04-23 14:33:50.428 22169 22169 D SettingFragment: Connection lost: 已断开连接 (32109) - java.io.EOFException
04-23 14:33:50.428 22169 22169 D MainActivity: Connection lost: 已断开连接 (32109) - java.io.EOFException
04-23 14:33:50.452 22169 22169 D SettingFragment: 🔄 Config exists, will attempt reconnect in 3 seconds...
04-23 14:33:50.452 22169 22169 D MainActivity: 🔄 Config exists, will attempt reconnect in 3 seconds...
04-23 14:33:54.211 22169 23152 D TrafficStats: tagSocket(102) with statsTag=0xffffffff, statsUid=-1
04-23 14:34:40.587 22169 23156 D HA_Integration: Stopped battery reporting
04-23 14:34:40.594 22169 23156 D MainActivity: Saved config found, scheduling reconnect...
04-23 14:34:40.607 22169 22169 D SettingFragment: Connection lost: 已断开连接 (32109) - java.io.EOFException
04-23 14:34:40.607 22169 22169 D MainActivity: Connection lost: 已断开连接 (32109) - java.io.EOFException
04-23 14:34:40.645 22169 22169 D SettingFragment: 🔄 Config exists, will attempt reconnect in 3 seconds...
04-23 14:34:40.645 22169 22169 D MainActivity: 🔄 Config exists, will attempt reconnect in 3 seconds...
04-23 14:34:45.915 22169 23168 D TrafficStats: tagSocket(102) with statsTag=0xffffffff, statsUid=-1
04-23 14:35:34.557 22169 23171 D HA_Integration: Stopped battery reporting
04-23 14:35:34.561 22169 23171 D MainActivity: Saved config found, scheduling reconnect...
04-23 14:35:34.578 22169 22169 D SettingFragment: Connection lost: 已断开连接 (32109) - java.io.EOFException
04-23 14:35:34.578 22169 22169 D MainActivity: Connection lost: 已断开连接 (32109) - java.io.EOFException
04-23 14:35:34.614 22169 22169 D SettingFragment: 🔄 Config exists, will attempt reconnect in 3 seconds...
04-23 14:35:34.614 22169 22169 D MainActivity: 🔄 Config exists, will attempt reconnect in 3 seconds...
04-23 14:35:44.589 22169 23182 D TrafficStats: tagSocket(102) with statsTag=0xffffffff, statsUid=-1
04-23 14:36:33.380 22169 23186 D HA_Integration: Stopped battery reporting
04-23 14:36:33.388 22169 23186 D MainActivity: Saved config found, scheduling reconnect...
04-23 14:36:33.404 22169 22169 D SettingFragment: Connection lost: 已断开连接 (32109) - java.io.EOFException
04-23 14:36:33.404 22169 22169 D MainActivity: Connection lost: 已断开连接 (32109) - java.io.EOFException
04-23 14:36:33.438 22169 22169 D SettingFragment: 🔄 Config exists, will attempt reconnect in 3 seconds...
04-23 14:36:33.438 22169 22169 D MainActivity: 🔄 Config exists, will attempt reconnect in 3 seconds...
04-23 14:36:34.416 22169 23210 D TrafficStats: tagSocket(102) with statsTag=0xffffffff, statsUid=-1
04-23 14:37:20.736 22169 23213 D HA_Integration: Stopped battery reporting
04-23 14:37:20.741 22169 23213 D MainActivity: Saved config found, scheduling reconnect...
04-23 14:37:20.757 22169 22169 D SettingFragment: Connection lost: 已断开连接 (32109) - java.io.EOFException
04-23 14:37:20.757 22169 22169 D MainActivity: Connection lost: 已断开连接 (32109) - java.io.EOFException
04-23 14:37:20.792 22169 22169 D SettingFragment: 🔄 Config exists, will attempt reconnect in 3 seconds...
04-23 14:37:20.792 22169 22169 D MainActivity: 🔄 Config exists, will attempt reconnect in 3 seconds...
04-23 14:37:24.599 22169 23230 D TrafficStats: tagSocket(102) with statsTag=0xffffffff, statsUid=-1
04-23 14:38:12.585 22169 23233 D HA_Integration: Stopped battery reporting
04-23 14:38:12.593 22169 23233 D MainActivity: Saved config found, scheduling reconnect...
04-23 14:38:12.607 22169 22169 D SettingFragment: Connection lost: 已断开连接 (32109) - java.io.EOFException
04-23 14:38:12.607 22169 22169 D MainActivity: Connection lost: 已断开连接 (32109) - java.io.EOFException
04-23 14:38:12.645 22169 22169 D SettingFragment: 🔄 Config exists, will attempt reconnect in 3 seconds...
04-23 14:38:12.645 22169 22169 D MainActivity: 🔄 Config exists, will attempt reconnect in 3 seconds...
04-23 14:38:16.732 22169 23244 D TrafficStats: tagSocket(102) with statsTag=0xffffffff, statsUid=-1
